******************************************************************************
               TMS320C6x Linker PC v7.4.18                     
******************************************************************************
>> Linked Mon Oct 30 12:06:02 2023

OUTPUT FILE NAME:   <TP3_Goertzel.out>
ENTRY POINT SYMBOL: "_c_int00"  address: 00002900


MEMORY CONFIGURATION

         name            origin    length      used     unused   attr    fill
----------------------  --------  ---------  --------  --------  ----  --------
  IVECS                 00000000   00000220  00000200  00000020  RWIX
  IRAM                  00000220   0002bde0  00003630  000287b0  RWIX
  DATA_C                0002c000   00004000  00000000  00004000  RWIX
  SDRAM                 80000000   00100000  00000000  00100000  RWIX
  FLASH                 90000000   00020000  00000000  00020000  RWIX


SECTION ALLOCATION MAP

 output                                  attributes/
section   page    origin      length       input sections
--------  ----  ----------  ----------   ----------------
.vecs      0    00000000    00000200     
                  00000000    00000200     Vectors_intr.obj (.vecs)

.bss       0    00000220    00000000     UNINITIALIZED

.text      0    00000220    00002800     
                  00000220    000007a0     main.obj (.text:retain)
                  000009c0    00000640     c6713dskinit.obj (.text)
                  00001000    00000480     dsk6713bsl.lib : dsk6713.obj (.text)
                  00001480    00000320                    : dsk6713_aic23_opencodec.obj (.text)
                  000017a0    00000240     rts6700.lib : memcpy62.obj (.text:_memcpy)
                  000019e0    000001c0     csl6713.lib : csl_irq.obj (.text:_IRQ_map)
                  00001ba0    000001a0                 : csl_mcbsp.obj (.text:_MCBSP_reset)
                  00001d40    00000160     dsk6713bsl.lib : dsk6713_aic23_registers.obj (.text)
                  00001ea0    00000160     main.obj (.text)
                  00002000    00000100     csl6713.lib : csl_mcbsp.obj (.text:_MCBSP_open)
                  00002100    00000100                 : csl_mcbsp.obj (.text:_MCBSP_start)
                  00002200    00000100     rts6700.lib : autoinit.obj (.text:__auto_init)
                  00002300    00000100                 : remi.obj (.text:__remi)
                  00002400    000000e0                 : strasg.obj (.text:__strasg)
                  000024e0    000000e0                 : exit.obj (.text:_exit)
                  000025c0    000000c0                 : cpy_tbl.obj (.text:_copy_in)
                  00002680    000000c0     dsk6713bsl.lib : dsk6713_aic23_setfreq.obj (.text)
                  00002740    000000a0     rts6700.lib : remu.obj (.text:__remu)
                  000027e0    000000a0     csl6713.lib : csl_irq.obj (.text:_setMux)
                  00002880    00000080     rts6700.lib : cpp_init.obj (.text:___TI_cpp_init)
                  00002900    00000080                 : boot.obj (.text:_c_int00)
                  00002980    00000040                 : args_main.obj (.text:__args_main)
                  000029c0    00000020     Vectors_intr.obj (.text)
                  000029e0    00000020     rts6700.lib : exit.obj (.text:_abort)
                  00002a00    00000020     csl6713.lib : csl_irq.obj (.text)

.far       0    00002a20    000006fc     UNINITIALIZED
                  00002a20    0000051a     main.obj (.far)
                  00002f3a    00000002     dsk6713bsl.lib : dsk6713.obj (.far)
                  00002f3c    000000f4     csl6713.lib : csl_irq.obj (.far)
                  00003030    00000058     c6713dskinit.obj (.far)
                  00003088    00000038     csl6713.lib : csl_mcbsp.obj (.far)
                  000030c0    00000028     dsk6713bsl.lib : dsk6713_aic23_registers.obj (.far)
                  000030e8    00000020                    : dsk6713_aic23_setfreq.obj (.far)
                  00003108    0000000c     rts6700.lib : exit.obj (.far)
                  00003114    00000008     dsk6713bsl.lib : dsk6713_aic23_opencodec.obj (.far)

.cinit     0    00003120    000005d4     
                  00003120    00000362     main.obj (.cinit)
                  00003482    00000006     --HOLE-- [fill = 0]
                  00003488    0000012c     csl6713.lib : csl_irq.obj (.cinit)
                  000035b4    00000004     --HOLE-- [fill = 0]
                  000035b8    00000058     c6713dskinit.obj (.cinit)
                  00003610    00000054     csl6713.lib : csl_mcbsp.obj (.cinit)
                  00003664    00000004     --HOLE-- [fill = 0]
                  00003668    00000030     dsk6713bsl.lib : dsk6713_aic23_registers.obj (.cinit)
                  00003698    0000002c     rts6700.lib : exit.obj (.cinit)
                  000036c4    00000004     --HOLE-- [fill = 0]
                  000036c8    00000028     dsk6713bsl.lib : dsk6713_aic23_setfreq.obj (.cinit)
                  000036f0    00000004     --HOLE-- [fill = 0]

.stack     0    000036f8    00000100     UNINITIALIZED
                  000036f8    00000008     rts6700.lib : boot.obj (.stack)
                  00003700    000000f8     --HOLE--

.const     0    000037f8    00000060     
                  000037f8    00000040     dsk6713bsl.lib : dsk6713_aic23_opencodec.obj (.const)
                  00003838    00000020                    : dsk6713.obj (.const)


GLOBAL SYMBOLS: SORTED ALPHABETICALLY BY Name 

address    name
--------   ----
00000220   $bss
00000220   .bss
00000220   .text
000029e0   C$$EXIT
0000303c   _AIC23CfgData
00003030   _AIC_data
00002f1c   _Canal_Libre
00002f1e   _Canal_Trouve
00002ba0   _Coeff
00003114   _DSK6713_AIC23_codeccontrolhandle
00003118   _DSK6713_AIC23_codecdatahandle
00001e00   _DSK6713_AIC23_config
00001480   _DSK6713_AIC23_openCodec
00001ddc   _DSK6713_AIC23_rget
00001d40   _DSK6713_AIC23_rset
00002680   _DSK6713_AIC23_setFreq
00001414   _DSK6713_getVersion
0000104c   _DSK6713_init
00001368   _DSK6713_rget
0000137c   _DSK6713_rset
00002f3a   _DSK6713_version
00001390   _DSK6713_wait
000013e8   _DSK6713_waitusec
000019e0   _IRQ_map
00002000   _MCBSP_open
00001ba0   _MCBSP_reset
00002100   _MCBSP_start
00002d64   _Module
00002d84   _ModuleMax
00002d88   _ModuleMaxSuivant
00002d34   _Qn
00002d44   _Qn_1
00002d54   _Qn_2
00002f20   _STEP
00002bb0   _TabSinus1Hz
00002f24   _Tab_Detection
00002d90   _Xn
00002d94   _XnBuffer
00002a20   _XnBufferExcel
00003028   __IRQ_dispatchTable
00002f64   __IRQ_eventTable
00002a00   __IRQ_hookFetchPacket
00002fe8   __IRQ_intTable
000030b8   __MCBSP_hDev0
000030bc   __MCBSP_hDev1
000037f8   __STACK_END
00000100   __STACK_SIZE
00000001   __TI_args_main
00002880   ___TI_cpp_init
00003110   ___TI_enable_exit_profile_output
ffffffff   ___TI_pprof_out_hndl
ffffffff   ___TI_prof_data_size
ffffffff   ___TI_prof_data_start
ffffffff   ___binit__
00000220   ___bss__
ffffffff   ___c_args__
00003120   ___cinit__
00000220   ___end__
00002a20   ___etext__
ffffffff   ___pinit__
00000220   ___text__
00002980   __args_main
00002200   __auto_init
00002300   __c6xabi_remi
00002740   __c6xabi_remu
00003108   __cleanup_ptr
0000310c   __dtors_ptr
00002300   __remi
00002740   __remu
000036f8   __stack
00002400   __strasg
000029e0   _abort
00000d84   _c6713_dsk_init
00002900   _c_int00
00000220   _c_int11
00000eec   _comm_intr
00000eb8   _comm_poll
0000305c   _config
000025c0   _copy_in
00002f22   _cpt5sec
000024e0   _exit
00002f18   _f
00002f1a   _fmax
00002d30   _fs
00003084   _hAIC23_handle
00002f14   _i
00000cf8   _input_left_sample
00000c68   _input_right_sample
00000bc0   _input_sample
00002f16   _j
00001ea0   _main
000017a0   _memcpy
00002d8c   _n
00000b20   _output_left_sample
00000a74   _output_right_sample
000009c0   _output_sample
00002f34   _tmp1
00002f38   _tmp2
00000020   _vector1
00000140   _vector10
00000180   _vector12
000001a0   _vector13
000001c0   _vector14
000001e0   _vector15
00000040   _vector2
00000060   _vector3
00000080   _vector4
000000a0   _vector5
000000c0   _vector6
000000e0   _vector7
00000100   _vector8
00000120   _vector9
00000000   _vectors
ffffffff   binit
00003120   cinit
00000220   end
00002a20   etext
ffffffff   pinit


GLOBAL SYMBOLS: SORTED BY Symbol Address 

address    name
--------   ----
00000000   _vectors
00000001   __TI_args_main
00000020   _vector1
00000040   _vector2
00000060   _vector3
00000080   _vector4
000000a0   _vector5
000000c0   _vector6
000000e0   _vector7
00000100   __STACK_SIZE
00000100   _vector8
00000120   _vector9
00000140   _vector10
00000180   _vector12
000001a0   _vector13
000001c0   _vector14
000001e0   _vector15
00000220   $bss
00000220   .bss
00000220   .text
00000220   ___bss__
00000220   ___end__
00000220   ___text__
00000220   _c_int11
00000220   end
000009c0   _output_sample
00000a74   _output_right_sample
00000b20   _output_left_sample
00000bc0   _input_sample
00000c68   _input_right_sample
00000cf8   _input_left_sample
00000d84   _c6713_dsk_init
00000eb8   _comm_poll
00000eec   _comm_intr
0000104c   _DSK6713_init
00001368   _DSK6713_rget
0000137c   _DSK6713_rset
00001390   _DSK6713_wait
000013e8   _DSK6713_waitusec
00001414   _DSK6713_getVersion
00001480   _DSK6713_AIC23_openCodec
000017a0   _memcpy
000019e0   _IRQ_map
00001ba0   _MCBSP_reset
00001d40   _DSK6713_AIC23_rset
00001ddc   _DSK6713_AIC23_rget
00001e00   _DSK6713_AIC23_config
00001ea0   _main
00002000   _MCBSP_open
00002100   _MCBSP_start
00002200   __auto_init
00002300   __c6xabi_remi
00002300   __remi
00002400   __strasg
000024e0   _exit
000025c0   _copy_in
00002680   _DSK6713_AIC23_setFreq
00002740   __c6xabi_remu
00002740   __remu
00002880   ___TI_cpp_init
00002900   _c_int00
00002980   __args_main
000029e0   C$$EXIT
000029e0   _abort
00002a00   __IRQ_hookFetchPacket
00002a20   _XnBufferExcel
00002a20   ___etext__
00002a20   etext
00002ba0   _Coeff
00002bb0   _TabSinus1Hz
00002d30   _fs
00002d34   _Qn
00002d44   _Qn_1
00002d54   _Qn_2
00002d64   _Module
00002d84   _ModuleMax
00002d88   _ModuleMaxSuivant
00002d8c   _n
00002d90   _Xn
00002d94   _XnBuffer
00002f14   _i
00002f16   _j
00002f18   _f
00002f1a   _fmax
00002f1c   _Canal_Libre
00002f1e   _Canal_Trouve
00002f20   _STEP
00002f22   _cpt5sec
00002f24   _Tab_Detection
00002f34   _tmp1
00002f38   _tmp2
00002f3a   _DSK6713_version
00002f64   __IRQ_eventTable
00002fe8   __IRQ_intTable
00003028   __IRQ_dispatchTable
00003030   _AIC_data
0000303c   _AIC23CfgData
0000305c   _config
00003084   _hAIC23_handle
000030b8   __MCBSP_hDev0
000030bc   __MCBSP_hDev1
00003108   __cleanup_ptr
0000310c   __dtors_ptr
00003110   ___TI_enable_exit_profile_output
00003114   _DSK6713_AIC23_codeccontrolhandle
00003118   _DSK6713_AIC23_codecdatahandle
00003120   ___cinit__
00003120   cinit
000036f8   __stack
000037f8   __STACK_END
ffffffff   ___TI_pprof_out_hndl
ffffffff   ___TI_prof_data_size
ffffffff   ___TI_prof_data_start
ffffffff   ___binit__
ffffffff   ___c_args__
ffffffff   ___pinit__
ffffffff   binit
ffffffff   pinit

[118 symbols]
