******************************************************************************
               TMS320C6x Linker PC v7.4.18                     
******************************************************************************
>> Linked Mon Oct 09 12:29:16 2023

OUTPUT FILE NAME:   <TP2_FIR_Algo1.out>
ENTRY POINT SYMBOL: "_c_int00"  address: 00002240


MEMORY CONFIGURATION

         name            origin    length      used     unused   attr    fill
----------------------  --------  ---------  --------  --------  ----  --------
  IVECS                 00000000   00000220  00000200  00000020  RWIX
  IRAM                  00000220   0002bde0  00002b16  000292ca  RWIX
  DATA_C                0002c000   00004000  00000000  00004000  RWIX
  SDRAM                 80000000   00100000  00000000  00100000  RWIX
  FLASH                 90000000   00020000  00000000  00020000  RWIX


SECTION ALLOCATION MAP

 output                                  attributes/
section   page    origin      length       input sections
--------  ----  ----------  ----------   ----------------
.vecs      0    00000000    00000200     
                  00000000    00000200     Vectors_intr.obj (.vecs)

.bss       0    00000220    00000000     UNINITIALIZED

.text      0    00000220    00002140     
                  00000220    00000640     c6713dskinit.obj (.text)
                  00000860    00000480     dsk6713bsl.lib : dsk6713.obj (.text)
                  00000ce0    00000320                    : dsk6713_aic23_opencodec.obj (.text)
                  00001000    000002c0     main.obj (.text:retain)
                  000012c0    00000240     rts6700.lib : memcpy62.obj (.text:_memcpy)
                  00001500    000001c0     csl6713.lib : csl_irq.obj (.text:_IRQ_map)
                  000016c0    000001a0                 : csl_mcbsp.obj (.text:_MCBSP_reset)
                  00001860    00000160     dsk6713bsl.lib : dsk6713_aic23_registers.obj (.text)
                  000019c0    00000120     main.obj (.text)
                  00001ae0    00000100     csl6713.lib : csl_mcbsp.obj (.text:_MCBSP_open)
                  00001be0    00000100                 : csl_mcbsp.obj (.text:_MCBSP_start)
                  00001ce0    00000100     rts6700.lib : autoinit.obj (.text:__auto_init)
                  00001de0    000000e0                 : strasg.obj (.text:__strasg)
                  00001ec0    000000e0                 : exit.obj (.text:_exit)
                  00001fa0    000000c0                 : cpy_tbl.obj (.text:_copy_in)
                  00002060    000000c0     dsk6713bsl.lib : dsk6713_aic23_setfreq.obj (.text)
                  00002120    000000a0     csl6713.lib : csl_irq.obj (.text:_setMux)
                  000021c0    00000080     rts6700.lib : cpp_init.obj (.text:___TI_cpp_init)
                  00002240    00000080                 : boot.obj (.text:_c_int00)
                  000022c0    00000040                 : args_main.obj (.text:__args_main)
                  00002300    00000020     Vectors_intr.obj (.text)
                  00002320    00000020     rts6700.lib : exit.obj (.text:_abort)
                  00002340    00000020     csl6713.lib : csl_irq.obj (.text)

.far       0    00002360    000004f2     UNINITIALIZED
                  00002360    00000310     main.obj (.far)
                  00002670    000000f4     csl6713.lib : csl_irq.obj (.far)
                  00002764    00000058     c6713dskinit.obj (.far)
                  000027bc    00000038     csl6713.lib : csl_mcbsp.obj (.far)
                  000027f4    00000028     dsk6713bsl.lib : dsk6713_aic23_registers.obj (.far)
                  0000281c    00000020                    : dsk6713_aic23_setfreq.obj (.far)
                  0000283c    0000000c     rts6700.lib : exit.obj (.far)
                  00002848    00000008     dsk6713bsl.lib : dsk6713_aic23_opencodec.obj (.far)
                  00002850    00000002                    : dsk6713.obj (.far)

.cinit     0    00002858    00000384     
                  00002858    0000012c     csl6713.lib : csl_irq.obj (.cinit)
                  00002984    00000004     --HOLE-- [fill = 0]
                  00002988    00000118     main.obj (.cinit)
                  00002aa0    00000058     c6713dskinit.obj (.cinit)
                  00002af8    00000054     csl6713.lib : csl_mcbsp.obj (.cinit)
                  00002b4c    00000004     --HOLE-- [fill = 0]
                  00002b50    00000030     dsk6713bsl.lib : dsk6713_aic23_registers.obj (.cinit)
                  00002b80    0000002c     rts6700.lib : exit.obj (.cinit)
                  00002bac    00000004     --HOLE-- [fill = 0]
                  00002bb0    00000028     dsk6713bsl.lib : dsk6713_aic23_setfreq.obj (.cinit)
                  00002bd8    00000004     --HOLE-- [fill = 0]

.stack     0    00002be0    00000100     UNINITIALIZED
                  00002be0    00000008     rts6700.lib : boot.obj (.stack)
                  00002be8    000000f8     --HOLE--

.const     0    00002ce0    00000060     
                  00002ce0    00000040     dsk6713bsl.lib : dsk6713_aic23_opencodec.obj (.const)
                  00002d20    00000020                    : dsk6713.obj (.const)


GLOBAL SYMBOLS: SORTED ALPHABETICALLY BY Name 

address    name
--------   ----
00000220   $bss
00000220   .bss
00000220   .text
00002320   C$$EXIT
00002770   _AIC23CfgData
00002764   _AIC_data
00002848   _DSK6713_AIC23_codeccontrolhandle
0000284c   _DSK6713_AIC23_codecdatahandle
00001920   _DSK6713_AIC23_config
00000ce0   _DSK6713_AIC23_openCodec
000018fc   _DSK6713_AIC23_rget
00001860   _DSK6713_AIC23_rset
00002060   _DSK6713_AIC23_setFreq
00000c74   _DSK6713_getVersion
000008ac   _DSK6713_init
00000bc8   _DSK6713_rget
00000bdc   _DSK6713_rset
00002850   _DSK6713_version
00000bf0   _DSK6713_wait
00000c48   _DSK6713_waitusec
00001500   _IRQ_map
00001ae0   _MCBSP_open
000016c0   _MCBSP_reset
00001be0   _MCBSP_start
00002464   _Xn
00002468   _XnBuffer
0000266c   _Yn
00002568   _YnBuffer
0000275c   __IRQ_dispatchTable
00002698   __IRQ_eventTable
00002340   __IRQ_hookFetchPacket
0000271c   __IRQ_intTable
000027ec   __MCBSP_hDev0
000027f0   __MCBSP_hDev1
00002ce0   __STACK_END
00000100   __STACK_SIZE
00000001   __TI_args_main
000021c0   ___TI_cpp_init
00002844   ___TI_enable_exit_profile_output
ffffffff   ___TI_pprof_out_hndl
ffffffff   ___TI_prof_data_size
ffffffff   ___TI_prof_data_start
ffffffff   ___binit__
00000220   ___bss__
ffffffff   ___c_args__
00002858   ___cinit__
00000220   ___end__
00002360   ___etext__
ffffffff   ___pinit__
00000220   ___text__
000022c0   __args_main
00001ce0   __auto_init
0000283c   __cleanup_ptr
00002840   __dtors_ptr
00002be0   __stack
00001de0   __strasg
00002320   _abort
000005e4   _c6713_dsk_init
00002240   _c_int00
00001000   _c_int11
0000074c   _comm_intr
00000718   _comm_poll
00002790   _config
00001fa0   _copy_in
00001ec0   _exit
00002360   _fs
00002364   _h
000027b8   _hAIC23_handle
00002668   _i
00000558   _input_left_sample
000004c8   _input_right_sample
00000420   _input_sample
0000266a   _j
000019c0   _main
000012c0   _memcpy
00000380   _output_left_sample
000002d4   _output_right_sample
00000220   _output_sample
00000020   _vector1
00000140   _vector10
00000180   _vector12
000001a0   _vector13
000001c0   _vector14
000001e0   _vector15
00000040   _vector2
00000060   _vector3
00000080   _vector4
000000a0   _vector5
000000c0   _vector6
000000e0   _vector7
00000100   _vector8
00000120   _vector9
00000000   _vectors
ffffffff   binit
00002858   cinit
00000220   end
00002360   etext
ffffffff   pinit


GLOBAL SYMBOLS: SORTED BY Symbol Address 

address    name
--------   ----
00000000   _vectors
00000001   __TI_args_main
00000020   _vector1
00000040   _vector2
00000060   _vector3
00000080   _vector4
000000a0   _vector5
000000c0   _vector6
000000e0   _vector7
00000100   __STACK_SIZE
00000100   _vector8
00000120   _vector9
00000140   _vector10
00000180   _vector12
000001a0   _vector13
000001c0   _vector14
000001e0   _vector15
00000220   $bss
00000220   .bss
00000220   .text
00000220   ___bss__
00000220   ___end__
00000220   ___text__
00000220   _output_sample
00000220   end
000002d4   _output_right_sample
00000380   _output_left_sample
00000420   _input_sample
000004c8   _input_right_sample
00000558   _input_left_sample
000005e4   _c6713_dsk_init
00000718   _comm_poll
0000074c   _comm_intr
000008ac   _DSK6713_init
00000bc8   _DSK6713_rget
00000bdc   _DSK6713_rset
00000bf0   _DSK6713_wait
00000c48   _DSK6713_waitusec
00000c74   _DSK6713_getVersion
00000ce0   _DSK6713_AIC23_openCodec
00001000   _c_int11
000012c0   _memcpy
00001500   _IRQ_map
000016c0   _MCBSP_reset
00001860   _DSK6713_AIC23_rset
000018fc   _DSK6713_AIC23_rget
00001920   _DSK6713_AIC23_config
000019c0   _main
00001ae0   _MCBSP_open
00001be0   _MCBSP_start
00001ce0   __auto_init
00001de0   __strasg
00001ec0   _exit
00001fa0   _copy_in
00002060   _DSK6713_AIC23_setFreq
000021c0   ___TI_cpp_init
00002240   _c_int00
000022c0   __args_main
00002320   C$$EXIT
00002320   _abort
00002340   __IRQ_hookFetchPacket
00002360   ___etext__
00002360   _fs
00002360   etext
00002364   _h
00002464   _Xn
00002468   _XnBuffer
00002568   _YnBuffer
00002668   _i
0000266a   _j
0000266c   _Yn
00002698   __IRQ_eventTable
0000271c   __IRQ_intTable
0000275c   __IRQ_dispatchTable
00002764   _AIC_data
00002770   _AIC23CfgData
00002790   _config
000027b8   _hAIC23_handle
000027ec   __MCBSP_hDev0
000027f0   __MCBSP_hDev1
0000283c   __cleanup_ptr
00002840   __dtors_ptr
00002844   ___TI_enable_exit_profile_output
00002848   _DSK6713_AIC23_codeccontrolhandle
0000284c   _DSK6713_AIC23_codecdatahandle
00002850   _DSK6713_version
00002858   ___cinit__
00002858   cinit
00002be0   __stack
00002ce0   __STACK_END
ffffffff   ___TI_pprof_out_hndl
ffffffff   ___TI_prof_data_size
ffffffff   ___TI_prof_data_start
ffffffff   ___binit__
ffffffff   ___c_args__
ffffffff   ___pinit__
ffffffff   binit
ffffffff   pinit

[98 symbols]
