******************************************************************************
               TMS320C6x Linker PC v7.4.18                     
******************************************************************************
>> Linked Sun Oct 08 13:03:24 2023

OUTPUT FILE NAME:   <Acquisition_ModePolling.out>
ENTRY POINT SYMBOL: "_c_int00"  address: 00002060


MEMORY CONFIGURATION

         name            origin    length      used     unused   attr    fill
----------------------  --------  ---------  --------  --------  ----  --------
  IVECS                 00000000   00000220  00000200  00000020  RWIX
  IRAM                  00000220   0002bde0  00002704  000296dc  RWIX
  DATA_C                0002c000   00004000  00000000  00004000  RWIX
  SDRAM                 80000000   00100000  00000000  00100000  RWIX
  FLASH                 90000000   00020000  00000000  00020000  RWIX


SECTION ALLOCATION MAP

 output                                  attributes/
section   page    origin      length       input sections
--------  ----  ----------  ----------   ----------------
.vecs      0    00000000    00000200     
                  00000000    00000200     Vectors_poll.obj (.vecs)

.bss       0    00000220    00000000     UNINITIALIZED

.text      0    00000220    00002140     
                  00000220    000007a0     c6713dskinit.obj (.text)
                  000009c0    00000480     dsk6713bsl.lib : dsk6713.obj (.text)
                  00000e40    00000320                    : dsk6713_aic23_opencodec.obj (.text)
                  00001160    00000240     rts6700.lib : memcpy62.obj (.text:_memcpy)
                  000013a0    000001c0     csl6713.lib : csl_irq.obj (.text:_IRQ_map)
                  00001560    000001a0                 : csl_mcbsp.obj (.text:_MCBSP_reset)
                  00001700    00000160     dsk6713bsl.lib : dsk6713_aic23_registers.obj (.text)
                  00001860    00000100     csl6713.lib : csl_mcbsp.obj (.text:_MCBSP_open)
                  00001960    00000100                 : csl_mcbsp.obj (.text:_MCBSP_start)
                  00001a60    00000100     rts6700.lib : autoinit.obj (.text:__auto_init)
                  00001b60    000000e0                 : strasg.obj (.text:__strasg)
                  00001c40    000000e0                 : exit.obj (.text:_exit)
                  00001d20    000000c0                 : cpy_tbl.obj (.text:_copy_in)
                  00001de0    000000c0     dsk6713bsl.lib : dsk6713_aic23_setfreq.obj (.text)
                  00001ea0    000000a0     csl6713.lib : csl_mcbsp.obj (.text:_MCBSP_config)
                  00001f40    000000a0                 : csl_irq.obj (.text:_setMux)
                  00001fe0    00000080     rts6700.lib : cpp_init.obj (.text:___TI_cpp_init)
                  00002060    00000080                 : boot.obj (.text:_c_int00)
                  000020e0    00000060     main.obj (.text)
                  00002140    00000040     csl6713.lib : csl_irq.obj (.text:_IRQ_enable)
                  00002180    00000040                 : csl_irq.obj (.text:_IRQ_reset)
                  000021c0    00000040     rts6700.lib : args_main.obj (.text:__args_main)
                  00002200    00000020     Vectors_poll.obj (.text)
                  00002220    00000020     csl6713.lib : csl_irq.obj (.text:_IRQ_globalDisable)
                  00002240    00000020                 : csl_irq.obj (.text:_IRQ_globalEnable)
                  00002260    00000020                 : csl_irq.obj (.text:_IRQ_nmiEnable)
                  00002280    00000020                 : csl_mcbsp.obj (.text:_MCBSP_getXmtEventId)
                  000022a0    00000020                 : csl_mcbsp.obj (.text:_MCBSP_read)
                  000022c0    00000020                 : csl_mcbsp.obj (.text:_MCBSP_rrdy)
                  000022e0    00000020                 : csl_mcbsp.obj (.text:_MCBSP_write)
                  00002300    00000020                 : csl_mcbsp.obj (.text:_MCBSP_xrdy)
                  00002320    00000020     rts6700.lib : exit.obj (.text:_abort)
                  00002340    00000020     csl6713.lib : csl_irq.obj (.text)

.cinit     0    00002360    0000027c     
                  00002360    0000012c     csl6713.lib : csl_irq.obj (.cinit)
                  0000248c    00000004     --HOLE-- [fill = 0]
                  00002490    00000058     c6713dskinit.obj (.cinit)
                  000024e8    00000054     csl6713.lib : csl_mcbsp.obj (.cinit)
                  0000253c    00000004     --HOLE-- [fill = 0]
                  00002540    00000030     dsk6713bsl.lib : dsk6713_aic23_registers.obj (.cinit)
                  00002570    0000002c     rts6700.lib : exit.obj (.cinit)
                  0000259c    00000004     --HOLE-- [fill = 0]
                  000025a0    00000028     dsk6713bsl.lib : dsk6713_aic23_setfreq.obj (.cinit)
                  000025c8    0000000c     main.obj (.cinit)
                  000025d4    00000004     --HOLE-- [fill = 0]
                  000025d8    00000004     (.pad.cinit) [fill = 0]

.far       0    000025dc    000001e8     UNINITIALIZED
                  000025dc    000000f4     csl6713.lib : csl_irq.obj (.far)
                  000026d0    00000058     c6713dskinit.obj (.far)
                  00002728    00000038     csl6713.lib : csl_mcbsp.obj (.far)
                  00002760    00000028     dsk6713bsl.lib : dsk6713_aic23_registers.obj (.far)
                  00002788    00000020                    : dsk6713_aic23_setfreq.obj (.far)
                  000027a8    0000000c     rts6700.lib : exit.obj (.far)
                  000027b4    00000008     dsk6713bsl.lib : dsk6713_aic23_opencodec.obj (.far)
                  000027bc    00000006     main.obj (.far)
                  000027c2    00000002     dsk6713bsl.lib : dsk6713.obj (.far)

.stack     0    000027c8    00000100     UNINITIALIZED
                  000027c8    00000008     rts6700.lib : boot.obj (.stack)
                  000027d0    000000f8     --HOLE--

.const     0    000028c8    00000060     
                  000028c8    00000040     dsk6713bsl.lib : dsk6713_aic23_opencodec.obj (.const)
                  00002908    00000020                    : dsk6713.obj (.const)


GLOBAL SYMBOLS: SORTED ALPHABETICALLY BY Name 

address    name
--------   ----
00000220   $bss
00000220   .bss
00000220   .text
00002320   C$$EXIT
000026dc   _AIC23CfgData
000026d0   _AIC_data
000027b4   _DSK6713_AIC23_codeccontrolhandle
000027b8   _DSK6713_AIC23_codecdatahandle
000017c0   _DSK6713_AIC23_config
00000e40   _DSK6713_AIC23_openCodec
0000179c   _DSK6713_AIC23_rget
00001700   _DSK6713_AIC23_rset
00001de0   _DSK6713_AIC23_setFreq
00000dd4   _DSK6713_getVersion
00000a0c   _DSK6713_init
00000d28   _DSK6713_rget
00000d3c   _DSK6713_rset
000027c2   _DSK6713_version
00000d50   _DSK6713_wait
00000da8   _DSK6713_waitusec
00002140   _IRQ_enable
00002220   _IRQ_globalDisable
00002240   _IRQ_globalEnable
000013a0   _IRQ_map
00002260   _IRQ_nmiEnable
00002180   _IRQ_reset
00001ea0   _MCBSP_config
00002280   _MCBSP_getXmtEventId
00001860   _MCBSP_open
000022a0   _MCBSP_read
00001560   _MCBSP_reset
000022c0   _MCBSP_rrdy
00001960   _MCBSP_start
000022e0   _MCBSP_write
00002300   _MCBSP_xrdy
000027c0   _Xn
000026c8   __IRQ_dispatchTable
00002604   __IRQ_eventTable
00002340   __IRQ_hookFetchPacket
00002688   __IRQ_intTable
00002758   __MCBSP_hDev0
0000275c   __MCBSP_hDev1
000028c8   __STACK_END
00000100   __STACK_SIZE
00000001   __TI_args_main
00001fe0   ___TI_cpp_init
000027b0   ___TI_enable_exit_profile_output
ffffffff   ___TI_pprof_out_hndl
ffffffff   ___TI_prof_data_size
ffffffff   ___TI_prof_data_start
ffffffff   ___binit__
00000220   ___bss__
ffffffff   ___c_args__
00002360   ___cinit__
00000220   ___end__
00002360   ___etext__
ffffffff   ___pinit__
00000220   ___text__
000021c0   __args_main
00001a60   __auto_init
000027a8   __cleanup_ptr
000027ac   __dtors_ptr
000027c8   __stack
00001b60   __strasg
00002320   _abort
00000220   _c6713_dsk_init
00002060   _c_int00
00000318   _comm_intr
000002e4   _comm_poll
000026fc   _config
00001d20   _copy_in
00001c40   _exit
000027bc   _fs
00002724   _hAIC23_handle
00000820   _input_left_sample
000008e8   _input_right_sample
0000071c   _input_sample
000020e0   _main
00001160   _memcpy
0000055c   _output_left_sample
0000063c   _output_right_sample
00000444   _output_sample
00000020   _vector1
00000140   _vector10
00000160   _vector11
00000180   _vector12
000001a0   _vector13
000001c0   _vector14
000001e0   _vector15
00000040   _vector2
00000060   _vector3
00000080   _vector4
000000a0   _vector5
000000c0   _vector6
000000e0   _vector7
00000100   _vector8
00000120   _vector9
00000000   _vectors
ffffffff   binit
00002360   cinit
00000220   end
00002360   etext
ffffffff   pinit


GLOBAL SYMBOLS: SORTED BY Symbol Address 

address    name
--------   ----
00000000   _vectors
00000001   __TI_args_main
00000020   _vector1
00000040   _vector2
00000060   _vector3
00000080   _vector4
000000a0   _vector5
000000c0   _vector6
000000e0   _vector7
00000100   __STACK_SIZE
00000100   _vector8
00000120   _vector9
00000140   _vector10
00000160   _vector11
00000180   _vector12
000001a0   _vector13
000001c0   _vector14
000001e0   _vector15
00000220   $bss
00000220   .bss
00000220   .text
00000220   ___bss__
00000220   ___end__
00000220   ___text__
00000220   _c6713_dsk_init
00000220   end
000002e4   _comm_poll
00000318   _comm_intr
00000444   _output_sample
0000055c   _output_left_sample
0000063c   _output_right_sample
0000071c   _input_sample
00000820   _input_left_sample
000008e8   _input_right_sample
00000a0c   _DSK6713_init
00000d28   _DSK6713_rget
00000d3c   _DSK6713_rset
00000d50   _DSK6713_wait
00000da8   _DSK6713_waitusec
00000dd4   _DSK6713_getVersion
00000e40   _DSK6713_AIC23_openCodec
00001160   _memcpy
000013a0   _IRQ_map
00001560   _MCBSP_reset
00001700   _DSK6713_AIC23_rset
0000179c   _DSK6713_AIC23_rget
000017c0   _DSK6713_AIC23_config
00001860   _MCBSP_open
00001960   _MCBSP_start
00001a60   __auto_init
00001b60   __strasg
00001c40   _exit
00001d20   _copy_in
00001de0   _DSK6713_AIC23_setFreq
00001ea0   _MCBSP_config
00001fe0   ___TI_cpp_init
00002060   _c_int00
000020e0   _main
00002140   _IRQ_enable
00002180   _IRQ_reset
000021c0   __args_main
00002220   _IRQ_globalDisable
00002240   _IRQ_globalEnable
00002260   _IRQ_nmiEnable
00002280   _MCBSP_getXmtEventId
000022a0   _MCBSP_read
000022c0   _MCBSP_rrdy
000022e0   _MCBSP_write
00002300   _MCBSP_xrdy
00002320   C$$EXIT
00002320   _abort
00002340   __IRQ_hookFetchPacket
00002360   ___cinit__
00002360   ___etext__
00002360   cinit
00002360   etext
00002604   __IRQ_eventTable
00002688   __IRQ_intTable
000026c8   __IRQ_dispatchTable
000026d0   _AIC_data
000026dc   _AIC23CfgData
000026fc   _config
00002724   _hAIC23_handle
00002758   __MCBSP_hDev0
0000275c   __MCBSP_hDev1
000027a8   __cleanup_ptr
000027ac   __dtors_ptr
000027b0   ___TI_enable_exit_profile_output
000027b4   _DSK6713_AIC23_codeccontrolhandle
000027b8   _DSK6713_AIC23_codecdatahandle
000027bc   _fs
000027c0   _Xn
000027c2   _DSK6713_version
000027c8   __stack
000028c8   __STACK_END
ffffffff   ___TI_pprof_out_hndl
ffffffff   ___TI_prof_data_size
ffffffff   ___TI_prof_data_start
ffffffff   ___binit__
ffffffff   ___c_args__
ffffffff   ___pinit__
ffffffff   binit
ffffffff   pinit

[103 symbols]
