******************************************************************************
               TMS320C6x Linker PC v7.4.18                     
******************************************************************************
>> Linked Mon Oct 09 12:21:57 2023

OUTPUT FILE NAME:   <TP2_FIR_Algo2_VF.out>
ENTRY POINT SYMBOL: "_c_int00"  address: 000023e0


MEMORY CONFIGURATION

         name            origin    length      used     unused   attr    fill
----------------------  --------  ---------  --------  --------  ----  --------
  IVECS                 00000000   00000220  00000200  00000020  RWIX
  IRAM                  00000220   0002bde0  0000323a  00028ba6  RWIX
  DATA_C                0002c000   00004000  00000000  00004000  RWIX
  SDRAM                 80000000   00100000  00000000  00100000  RWIX
  FLASH                 90000000   00020000  00000000  00020000  RWIX


SECTION ALLOCATION MAP

 output                                  attributes/
section   page    origin      length       input sections
--------  ----  ----------  ----------   ----------------
.vecs      0    00000000    00000200     
                  00000000    00000200     Vectors_intr.obj (.vecs)

.bss       0    00000220    00000000     UNINITIALIZED

.text      0    00000220    00002460     
                  00000220    000007a0     c6713dskinit.obj (.text)
                  000009c0    00000480     dsk6713bsl.lib : dsk6713.obj (.text)
                  00000e40    00000320                    : dsk6713_aic23_opencodec.obj (.text)
                  00001160    000002c0     main.obj (.text:retain)
                  00001420    00000240     rts6700.lib : memcpy62.obj (.text:_memcpy)
                  00001660    000001c0     csl6713.lib : csl_irq.obj (.text:_IRQ_map)
                  00001820    000001a0                 : csl_mcbsp.obj (.text:_MCBSP_reset)
                  000019c0    00000160     dsk6713bsl.lib : dsk6713_aic23_registers.obj (.text)
                  00001b20    00000100     csl6713.lib : csl_mcbsp.obj (.text:_MCBSP_open)
                  00001c20    00000100                 : csl_mcbsp.obj (.text:_MCBSP_start)
                  00001d20    00000100     rts6700.lib : autoinit.obj (.text:__auto_init)
                  00001e20    000000e0                 : strasg.obj (.text:__strasg)
                  00001f00    000000e0                 : exit.obj (.text:_exit)
                  00001fe0    000000c0                 : cpy_tbl.obj (.text:_copy_in)
                  000020a0    000000c0     dsk6713bsl.lib : dsk6713_aic23_setfreq.obj (.text)
                  00002160    000000c0     main.obj (.text)
                  00002220    000000a0     csl6713.lib : csl_mcbsp.obj (.text:_MCBSP_config)
                  000022c0    000000a0                 : csl_irq.obj (.text:_setMux)
                  00002360    00000080     rts6700.lib : cpp_init.obj (.text:___TI_cpp_init)
                  000023e0    00000080                 : boot.obj (.text:_c_int00)
                  00002460    00000040     csl6713.lib : csl_irq.obj (.text:_IRQ_enable)
                  000024a0    00000040                 : csl_irq.obj (.text:_IRQ_reset)
                  000024e0    00000040     rts6700.lib : args_main.obj (.text:__args_main)
                  00002520    00000020     Vectors_intr.obj (.text)
                  00002540    00000020     csl6713.lib : csl_irq.obj (.text:_IRQ_globalDisable)
                  00002560    00000020                 : csl_irq.obj (.text:_IRQ_globalEnable)
                  00002580    00000020                 : csl_irq.obj (.text:_IRQ_nmiEnable)
                  000025a0    00000020                 : csl_mcbsp.obj (.text:_MCBSP_getXmtEventId)
                  000025c0    00000020                 : csl_mcbsp.obj (.text:_MCBSP_read)
                  000025e0    00000020                 : csl_mcbsp.obj (.text:_MCBSP_rrdy)
                  00002600    00000020                 : csl_mcbsp.obj (.text:_MCBSP_write)
                  00002620    00000020                 : csl_mcbsp.obj (.text:_MCBSP_xrdy)
                  00002640    00000020     rts6700.lib : exit.obj (.text:_abort)
                  00002660    00000020     csl6713.lib : csl_irq.obj (.text)

.far       0    00002680    000007f6     UNINITIALIZED
                  00002680    00000614     main.obj (.far)
                  00002c94    000000f4     csl6713.lib : csl_irq.obj (.far)
                  00002d88    00000058     c6713dskinit.obj (.far)
                  00002de0    00000038     csl6713.lib : csl_mcbsp.obj (.far)
                  00002e18    00000028     dsk6713bsl.lib : dsk6713_aic23_registers.obj (.far)
                  00002e40    00000020                    : dsk6713_aic23_setfreq.obj (.far)
                  00002e60    0000000c     rts6700.lib : exit.obj (.far)
                  00002e6c    00000008     dsk6713bsl.lib : dsk6713_aic23_opencodec.obj (.far)
                  00002e74    00000002                    : dsk6713.obj (.far)

.cinit     0    00002e78    00000484     
                  00002e78    00000218     main.obj (.cinit)
                  00003090    0000012c     csl6713.lib : csl_irq.obj (.cinit)
                  000031bc    00000004     --HOLE-- [fill = 0]
                  000031c0    00000058     c6713dskinit.obj (.cinit)
                  00003218    00000054     csl6713.lib : csl_mcbsp.obj (.cinit)
                  0000326c    00000004     --HOLE-- [fill = 0]
                  00003270    00000030     dsk6713bsl.lib : dsk6713_aic23_registers.obj (.cinit)
                  000032a0    0000002c     rts6700.lib : exit.obj (.cinit)
                  000032cc    00000004     --HOLE-- [fill = 0]
                  000032d0    00000028     dsk6713bsl.lib : dsk6713_aic23_setfreq.obj (.cinit)
                  000032f8    00000004     --HOLE-- [fill = 0]

.stack     0    00003300    00000100     UNINITIALIZED
                  00003300    00000008     rts6700.lib : boot.obj (.stack)
                  00003308    000000f8     --HOLE--

.const     0    00003400    00000060     
                  00003400    00000040     dsk6713bsl.lib : dsk6713_aic23_opencodec.obj (.const)
                  00003440    00000020                    : dsk6713.obj (.const)


GLOBAL SYMBOLS: SORTED ALPHABETICALLY BY Name 

address    name
--------   ----
00000220   $bss
00000220   .bss
00000220   .text
00002640   C$$EXIT
00002d94   _AIC23CfgData
00002d88   _AIC_data
00002e6c   _DSK6713_AIC23_codeccontrolhandle
00002e70   _DSK6713_AIC23_codecdatahandle
00001a80   _DSK6713_AIC23_config
00000e40   _DSK6713_AIC23_openCodec
00001a5c   _DSK6713_AIC23_rget
000019c0   _DSK6713_AIC23_rset
000020a0   _DSK6713_AIC23_setFreq
00000dd4   _DSK6713_getVersion
00000a0c   _DSK6713_init
00000d28   _DSK6713_rget
00000d3c   _DSK6713_rset
00002e74   _DSK6713_version
00000d50   _DSK6713_wait
00000da8   _DSK6713_waitusec
00002460   _IRQ_enable
00002540   _IRQ_globalDisable
00002560   _IRQ_globalEnable
00001660   _IRQ_map
00002580   _IRQ_nmiEnable
000024a0   _IRQ_reset
00002220   _MCBSP_config
000025a0   _MCBSP_getXmtEventId
00001b20   _MCBSP_open
000025c0   _MCBSP_read
00001820   _MCBSP_reset
000025e0   _MCBSP_rrdy
00001c20   _MCBSP_start
00002600   _MCBSP_write
00002620   _MCBSP_xrdy
00002884   _Xn
00002888   _XnBuffer
00002c90   _Yn
00002a8c   _YnBuffer
00002d80   __IRQ_dispatchTable
00002cbc   __IRQ_eventTable
00002660   __IRQ_hookFetchPacket
00002d40   __IRQ_intTable
00002e10   __MCBSP_hDev0
00002e14   __MCBSP_hDev1
00003400   __STACK_END
00000100   __STACK_SIZE
00000001   __TI_args_main
00002360   ___TI_cpp_init
00002e68   ___TI_enable_exit_profile_output
ffffffff   ___TI_pprof_out_hndl
ffffffff   ___TI_prof_data_size
ffffffff   ___TI_prof_data_start
ffffffff   ___binit__
00000220   ___bss__
ffffffff   ___c_args__
00002e78   ___cinit__
00000220   ___end__
00002680   ___etext__
ffffffff   ___pinit__
00000220   ___text__
000024e0   __args_main
00001d20   __auto_init
00002e60   __cleanup_ptr
00002e64   __dtors_ptr
00003300   __stack
00001e20   __strasg
00002640   _abort
00000220   _c6713_dsk_init
000023e0   _c_int00
00001160   _c_int11
00000318   _comm_intr
000002e4   _comm_poll
00002db4   _config
00001fe0   _copy_in
00001f00   _exit
00002680   _fs
00002684   _h
00002ddc   _hAIC23_handle
00002886   _i
00000820   _input_left_sample
000008e8   _input_right_sample
0000071c   _input_sample
00002c8c   _j
00002160   _main
00001420   _memcpy
0000055c   _output_left_sample
0000063c   _output_right_sample
00000444   _output_sample
00000020   _vector1
00000140   _vector10
00000180   _vector12
000001a0   _vector13
000001c0   _vector14
000001e0   _vector15
00000040   _vector2
00000060   _vector3
00000080   _vector4
000000a0   _vector5
000000c0   _vector6
000000e0   _vector7
00000100   _vector8
00000120   _vector9
00000000   _vectors
ffffffff   binit
00002e78   cinit
00000220   end
00002680   etext
ffffffff   pinit


GLOBAL SYMBOLS: SORTED BY Symbol Address 

address    name
--------   ----
00000000   _vectors
00000001   __TI_args_main
00000020   _vector1
00000040   _vector2
00000060   _vector3
00000080   _vector4
000000a0   _vector5
000000c0   _vector6
000000e0   _vector7
00000100   __STACK_SIZE
00000100   _vector8
00000120   _vector9
00000140   _vector10
00000180   _vector12
000001a0   _vector13
000001c0   _vector14
000001e0   _vector15
00000220   $bss
00000220   .bss
00000220   .text
00000220   ___bss__
00000220   ___end__
00000220   ___text__
00000220   _c6713_dsk_init
00000220   end
000002e4   _comm_poll
00000318   _comm_intr
00000444   _output_sample
0000055c   _output_left_sample
0000063c   _output_right_sample
0000071c   _input_sample
00000820   _input_left_sample
000008e8   _input_right_sample
00000a0c   _DSK6713_init
00000d28   _DSK6713_rget
00000d3c   _DSK6713_rset
00000d50   _DSK6713_wait
00000da8   _DSK6713_waitusec
00000dd4   _DSK6713_getVersion
00000e40   _DSK6713_AIC23_openCodec
00001160   _c_int11
00001420   _memcpy
00001660   _IRQ_map
00001820   _MCBSP_reset
000019c0   _DSK6713_AIC23_rset
00001a5c   _DSK6713_AIC23_rget
00001a80   _DSK6713_AIC23_config
00001b20   _MCBSP_open
00001c20   _MCBSP_start
00001d20   __auto_init
00001e20   __strasg
00001f00   _exit
00001fe0   _copy_in
000020a0   _DSK6713_AIC23_setFreq
00002160   _main
00002220   _MCBSP_config
00002360   ___TI_cpp_init
000023e0   _c_int00
00002460   _IRQ_enable
000024a0   _IRQ_reset
000024e0   __args_main
00002540   _IRQ_globalDisable
00002560   _IRQ_globalEnable
00002580   _IRQ_nmiEnable
000025a0   _MCBSP_getXmtEventId
000025c0   _MCBSP_read
000025e0   _MCBSP_rrdy
00002600   _MCBSP_write
00002620   _MCBSP_xrdy
00002640   C$$EXIT
00002640   _abort
00002660   __IRQ_hookFetchPacket
00002680   ___etext__
00002680   _fs
00002680   etext
00002684   _h
00002884   _Xn
00002886   _i
00002888   _XnBuffer
00002a8c   _YnBuffer
00002c8c   _j
00002c90   _Yn
00002cbc   __IRQ_eventTable
00002d40   __IRQ_intTable
00002d80   __IRQ_dispatchTable
00002d88   _AIC_data
00002d94   _AIC23CfgData
00002db4   _config
00002ddc   _hAIC23_handle
00002e10   __MCBSP_hDev0
00002e14   __MCBSP_hDev1
00002e60   __cleanup_ptr
00002e64   __dtors_ptr
00002e68   ___TI_enable_exit_profile_output
00002e6c   _DSK6713_AIC23_codeccontrolhandle
00002e70   _DSK6713_AIC23_codecdatahandle
00002e74   _DSK6713_version
00002e78   ___cinit__
00002e78   cinit
00003300   __stack
00003400   __STACK_END
ffffffff   ___TI_pprof_out_hndl
ffffffff   ___TI_prof_data_size
ffffffff   ___TI_prof_data_start
ffffffff   ___binit__
ffffffff   ___c_args__
ffffffff   ___pinit__
ffffffff   binit
ffffffff   pinit

[109 symbols]
