******************************************************************************
               TMS320C6x Linker PC v7.4.18                     
******************************************************************************
>> Linked Mon Oct 09 12:00:28 2023

OUTPUT FILE NAME:   <TP2_FIR_Algo1.out>
ENTRY POINT SYMBOL: "_c_int00"  address: 00002440


MEMORY CONFIGURATION

         name            origin    length      used     unused   attr    fill
----------------------  --------  ---------  --------  --------  ----  --------
  IVECS                 00000000   00000220  00000200  00000020  RWIX
  IRAM                  00000220   0002bde0  00002e96  00028f4a  RWIX
  DATA_C                0002c000   00004000  00000000  00004000  RWIX
  SDRAM                 80000000   00100000  00000000  00100000  RWIX
  FLASH                 90000000   00020000  00000000  00020000  RWIX


SECTION ALLOCATION MAP

 output                                  attributes/
section   page    origin      length       input sections
--------  ----  ----------  ----------   ----------------
.vecs      0    00000000    00000200     
                  00000000    00000200     Vectors_intr.obj (.vecs)

.bss       0    00000220    00000000     UNINITIALIZED

.text      0    00000220    000024c0     
                  00000220    000007a0     c6713dskinit.obj (.text)
                  000009c0    00000480     dsk6713bsl.lib : dsk6713.obj (.text)
                  00000e40    00000320                    : dsk6713_aic23_opencodec.obj (.text)
                  00001160    00000320     main.obj (.text:retain)
                  00001480    00000240     rts6700.lib : memcpy62.obj (.text:_memcpy)
                  000016c0    000001c0     csl6713.lib : csl_irq.obj (.text:_IRQ_map)
                  00001880    000001a0                 : csl_mcbsp.obj (.text:_MCBSP_reset)
                  00001a20    00000160     dsk6713bsl.lib : dsk6713_aic23_registers.obj (.text)
                  00001b80    00000100     csl6713.lib : csl_mcbsp.obj (.text:_MCBSP_open)
                  00001c80    00000100                 : csl_mcbsp.obj (.text:_MCBSP_start)
                  00001d80    00000100     rts6700.lib : autoinit.obj (.text:__auto_init)
                  00001e80    000000e0                 : strasg.obj (.text:__strasg)
                  00001f60    000000e0                 : exit.obj (.text:_exit)
                  00002040    000000c0                 : cpy_tbl.obj (.text:_copy_in)
                  00002100    000000c0     dsk6713bsl.lib : dsk6713_aic23_setfreq.obj (.text)
                  000021c0    000000c0     main.obj (.text)
                  00002280    000000a0     csl6713.lib : csl_mcbsp.obj (.text:_MCBSP_config)
                  00002320    000000a0                 : csl_irq.obj (.text:_setMux)
                  000023c0    00000080     rts6700.lib : cpp_init.obj (.text:___TI_cpp_init)
                  00002440    00000080                 : boot.obj (.text:_c_int00)
                  000024c0    00000040     csl6713.lib : csl_irq.obj (.text:_IRQ_enable)
                  00002500    00000040                 : csl_irq.obj (.text:_IRQ_reset)
                  00002540    00000040     rts6700.lib : args_main.obj (.text:__args_main)
                  00002580    00000020     Vectors_intr.obj (.text)
                  000025a0    00000020     csl6713.lib : csl_irq.obj (.text:_IRQ_globalDisable)
                  000025c0    00000020                 : csl_irq.obj (.text:_IRQ_globalEnable)
                  000025e0    00000020                 : csl_irq.obj (.text:_IRQ_nmiEnable)
                  00002600    00000020                 : csl_mcbsp.obj (.text:_MCBSP_getXmtEventId)
                  00002620    00000020                 : csl_mcbsp.obj (.text:_MCBSP_read)
                  00002640    00000020                 : csl_mcbsp.obj (.text:_MCBSP_rrdy)
                  00002660    00000020                 : csl_mcbsp.obj (.text:_MCBSP_write)
                  00002680    00000020                 : csl_mcbsp.obj (.text:_MCBSP_xrdy)
                  000026a0    00000020     rts6700.lib : exit.obj (.text:_abort)
                  000026c0    00000020     csl6713.lib : csl_irq.obj (.text)

.far       0    000026e0    000004f2     UNINITIALIZED
                  000026e0    00000310     main.obj (.far)
                  000029f0    000000f4     csl6713.lib : csl_irq.obj (.far)
                  00002ae4    00000058     c6713dskinit.obj (.far)
                  00002b3c    00000038     csl6713.lib : csl_mcbsp.obj (.far)
                  00002b74    00000028     dsk6713bsl.lib : dsk6713_aic23_registers.obj (.far)
                  00002b9c    00000020                    : dsk6713_aic23_setfreq.obj (.far)
                  00002bbc    0000000c     rts6700.lib : exit.obj (.far)
                  00002bc8    00000008     dsk6713bsl.lib : dsk6713_aic23_opencodec.obj (.far)
                  00002bd0    00000002                    : dsk6713.obj (.far)

.cinit     0    00002bd8    00000384     
                  00002bd8    0000012c     csl6713.lib : csl_irq.obj (.cinit)
                  00002d04    00000004     --HOLE-- [fill = 0]
                  00002d08    00000118     main.obj (.cinit)
                  00002e20    00000058     c6713dskinit.obj (.cinit)
                  00002e78    00000054     csl6713.lib : csl_mcbsp.obj (.cinit)
                  00002ecc    00000004     --HOLE-- [fill = 0]
                  00002ed0    00000030     dsk6713bsl.lib : dsk6713_aic23_registers.obj (.cinit)
                  00002f00    0000002c     rts6700.lib : exit.obj (.cinit)
                  00002f2c    00000004     --HOLE-- [fill = 0]
                  00002f30    00000028     dsk6713bsl.lib : dsk6713_aic23_setfreq.obj (.cinit)
                  00002f58    00000004     --HOLE-- [fill = 0]

.stack     0    00002f60    00000100     UNINITIALIZED
                  00002f60    00000008     rts6700.lib : boot.obj (.stack)
                  00002f68    000000f8     --HOLE--

.const     0    00003060    00000060     
                  00003060    00000040     dsk6713bsl.lib : dsk6713_aic23_opencodec.obj (.const)
                  000030a0    00000020                    : dsk6713.obj (.const)


GLOBAL SYMBOLS: SORTED ALPHABETICALLY BY Name 

address    name
--------   ----
00000220   $bss
00000220   .bss
00000220   .text
000026a0   C$$EXIT
00002af0   _AIC23CfgData
00002ae4   _AIC_data
00002bc8   _DSK6713_AIC23_codeccontrolhandle
00002bcc   _DSK6713_AIC23_codecdatahandle
00001ae0   _DSK6713_AIC23_config
00000e40   _DSK6713_AIC23_openCodec
00001abc   _DSK6713_AIC23_rget
00001a20   _DSK6713_AIC23_rset
00002100   _DSK6713_AIC23_setFreq
00000dd4   _DSK6713_getVersion
00000a0c   _DSK6713_init
00000d28   _DSK6713_rget
00000d3c   _DSK6713_rset
00002bd0   _DSK6713_version
00000d50   _DSK6713_wait
00000da8   _DSK6713_waitusec
000024c0   _IRQ_enable
000025a0   _IRQ_globalDisable
000025c0   _IRQ_globalEnable
000016c0   _IRQ_map
000025e0   _IRQ_nmiEnable
00002500   _IRQ_reset
00002280   _MCBSP_config
00002600   _MCBSP_getXmtEventId
00001b80   _MCBSP_open
00002620   _MCBSP_read
00001880   _MCBSP_reset
00002640   _MCBSP_rrdy
00001c80   _MCBSP_start
00002660   _MCBSP_write
00002680   _MCBSP_xrdy
000027e4   _Xn
000027e8   _XnBuffer
000029ec   _Yn
000028e8   _YnBuffer
00002adc   __IRQ_dispatchTable
00002a18   __IRQ_eventTable
000026c0   __IRQ_hookFetchPacket
00002a9c   __IRQ_intTable
00002b6c   __MCBSP_hDev0
00002b70   __MCBSP_hDev1
00003060   __STACK_END
00000100   __STACK_SIZE
00000001   __TI_args_main
000023c0   ___TI_cpp_init
00002bc4   ___TI_enable_exit_profile_output
ffffffff   ___TI_pprof_out_hndl
ffffffff   ___TI_prof_data_size
ffffffff   ___TI_prof_data_start
ffffffff   ___binit__
00000220   ___bss__
ffffffff   ___c_args__
00002bd8   ___cinit__
00000220   ___end__
000026e0   ___etext__
ffffffff   ___pinit__
00000220   ___text__
00002540   __args_main
00001d80   __auto_init
00002bbc   __cleanup_ptr
00002bc0   __dtors_ptr
00002f60   __stack
00001e80   __strasg
000026a0   _abort
00000220   _c6713_dsk_init
00002440   _c_int00
00001160   _c_int11
00000318   _comm_intr
000002e4   _comm_poll
00002b10   _config
00002040   _copy_in
00001f60   _exit
000026e0   _fs
000026e4   _h
00002b38   _hAIC23_handle
000029e8   _i
00000820   _input_left_sample
000008e8   _input_right_sample
0000071c   _input_sample
000029ea   _j
000021c0   _main
00001480   _memcpy
0000055c   _output_left_sample
0000063c   _output_right_sample
00000444   _output_sample
00000020   _vector1
00000140   _vector10
00000180   _vector12
000001a0   _vector13
000001c0   _vector14
000001e0   _vector15
00000040   _vector2
00000060   _vector3
00000080   _vector4
000000a0   _vector5
000000c0   _vector6
000000e0   _vector7
00000100   _vector8
00000120   _vector9
00000000   _vectors
ffffffff   binit
00002bd8   cinit
00000220   end
000026e0   etext
ffffffff   pinit


GLOBAL SYMBOLS: SORTED BY Symbol Address 

address    name
--------   ----
00000000   _vectors
00000001   __TI_args_main
00000020   _vector1
00000040   _vector2
00000060   _vector3
00000080   _vector4
000000a0   _vector5
000000c0   _vector6
000000e0   _vector7
00000100   __STACK_SIZE
00000100   _vector8
00000120   _vector9
00000140   _vector10
00000180   _vector12
000001a0   _vector13
000001c0   _vector14
000001e0   _vector15
00000220   $bss
00000220   .bss
00000220   .text
00000220   ___bss__
00000220   ___end__
00000220   ___text__
00000220   _c6713_dsk_init
00000220   end
000002e4   _comm_poll
00000318   _comm_intr
00000444   _output_sample
0000055c   _output_left_sample
0000063c   _output_right_sample
0000071c   _input_sample
00000820   _input_left_sample
000008e8   _input_right_sample
00000a0c   _DSK6713_init
00000d28   _DSK6713_rget
00000d3c   _DSK6713_rset
00000d50   _DSK6713_wait
00000da8   _DSK6713_waitusec
00000dd4   _DSK6713_getVersion
00000e40   _DSK6713_AIC23_openCodec
00001160   _c_int11
00001480   _memcpy
000016c0   _IRQ_map
00001880   _MCBSP_reset
00001a20   _DSK6713_AIC23_rset
00001abc   _DSK6713_AIC23_rget
00001ae0   _DSK6713_AIC23_config
00001b80   _MCBSP_open
00001c80   _MCBSP_start
00001d80   __auto_init
00001e80   __strasg
00001f60   _exit
00002040   _copy_in
00002100   _DSK6713_AIC23_setFreq
000021c0   _main
00002280   _MCBSP_config
000023c0   ___TI_cpp_init
00002440   _c_int00
000024c0   _IRQ_enable
00002500   _IRQ_reset
00002540   __args_main
000025a0   _IRQ_globalDisable
000025c0   _IRQ_globalEnable
000025e0   _IRQ_nmiEnable
00002600   _MCBSP_getXmtEventId
00002620   _MCBSP_read
00002640   _MCBSP_rrdy
00002660   _MCBSP_write
00002680   _MCBSP_xrdy
000026a0   C$$EXIT
000026a0   _abort
000026c0   __IRQ_hookFetchPacket
000026e0   ___etext__
000026e0   _fs
000026e0   etext
000026e4   _h
000027e4   _Xn
000027e8   _XnBuffer
000028e8   _YnBuffer
000029e8   _i
000029ea   _j
000029ec   _Yn
00002a18   __IRQ_eventTable
00002a9c   __IRQ_intTable
00002adc   __IRQ_dispatchTable
00002ae4   _AIC_data
00002af0   _AIC23CfgData
00002b10   _config
00002b38   _hAIC23_handle
00002b6c   __MCBSP_hDev0
00002b70   __MCBSP_hDev1
00002bbc   __cleanup_ptr
00002bc0   __dtors_ptr
00002bc4   ___TI_enable_exit_profile_output
00002bc8   _DSK6713_AIC23_codeccontrolhandle
00002bcc   _DSK6713_AIC23_codecdatahandle
00002bd0   _DSK6713_version
00002bd8   ___cinit__
00002bd8   cinit
00002f60   __stack
00003060   __STACK_END
ffffffff   ___TI_pprof_out_hndl
ffffffff   ___TI_prof_data_size
ffffffff   ___TI_prof_data_start
ffffffff   ___binit__
ffffffff   ___c_args__
ffffffff   ___pinit__
ffffffff   binit
ffffffff   pinit

[109 symbols]
