******************************************************************************
               TMS320C6x Linker PC v7.4.18                     
******************************************************************************
>> Linked Mon Oct 05 10:51:01 2020

OUTPUT FILE NAME:   <TP1_Acquisition.out>
ENTRY POINT SYMBOL: "_c_int00"  address: 000021e0


MEMORY CONFIGURATION

         name            origin    length      used     unused   attr    fill
----------------------  --------  ---------  --------  --------  ----  --------
  IVECS                 00000000   00000220  00000200  00000020  RWIX
  IRAM                  00000220   0002bde0  0000295a  00029486  RWIX
  DATA_C                0002c000   00004000  00000000  00004000  RWIX
  SDRAM                 80000000   00100000  00000000  00100000  RWIX
  FLASH                 90000000   00020000  00000000  00020000  RWIX


SECTION ALLOCATION MAP

 output                                  attributes/
section   page    origin      length       input sections
--------  ----  ----------  ----------   ----------------
.vecs      0    00000000    00000200     
                  00000000    00000200     Vectors_intr.obj (.vecs)

.bss       0    00000220    00000000     UNINITIALIZED

.text      0    00000220    00002280     
                  00000220    000007a0     c6713dskinit.obj (.text)
                  000009c0    00000480     dsk6713bsl.lib : dsk6713.obj (.text)
                  00000e40    00000320                    : dsk6713_aic23_opencodec.obj (.text)
                  00001160    00000240     rts6700.lib : memcpy62.obj (.text:_memcpy)
                  000013a0    000001c0     csl6713.lib : csl_irq.obj (.text:_IRQ_map)
                  00001560    000001a0                 : csl_mcbsp.obj (.text:_MCBSP_reset)
                  00001700    00000180     main.obj (.text:retain)
                  00001880    00000160     dsk6713bsl.lib : dsk6713_aic23_registers.obj (.text)
                  000019e0    00000100     csl6713.lib : csl_mcbsp.obj (.text:_MCBSP_open)
                  00001ae0    00000100                 : csl_mcbsp.obj (.text:_MCBSP_start)
                  00001be0    00000100     rts6700.lib : autoinit.obj (.text:__auto_init)
                  00001ce0    000000e0                 : strasg.obj (.text:__strasg)
                  00001dc0    000000e0                 : exit.obj (.text:_exit)
                  00001ea0    000000c0                 : cpy_tbl.obj (.text:_copy_in)
                  00001f60    000000c0     dsk6713bsl.lib : dsk6713_aic23_setfreq.obj (.text)
                  00002020    000000a0     csl6713.lib : csl_mcbsp.obj (.text:_MCBSP_config)
                  000020c0    000000a0                 : csl_irq.obj (.text:_setMux)
                  00002160    00000080     rts6700.lib : cpp_init.obj (.text:___TI_cpp_init)
                  000021e0    00000080                 : boot.obj (.text:_c_int00)
                  00002260    00000040     csl6713.lib : csl_irq.obj (.text:_IRQ_enable)
                  000022a0    00000040                 : csl_irq.obj (.text:_IRQ_reset)
                  000022e0    00000040     rts6700.lib : args_main.obj (.text:__args_main)
                  00002320    00000020     Vectors_intr.obj (.text)
                  00002340    00000020     csl6713.lib : csl_irq.obj (.text:_IRQ_globalDisable)
                  00002360    00000020                 : csl_irq.obj (.text:_IRQ_globalEnable)
                  00002380    00000020                 : csl_irq.obj (.text:_IRQ_nmiEnable)
                  000023a0    00000020                 : csl_mcbsp.obj (.text:_MCBSP_getXmtEventId)
                  000023c0    00000020                 : csl_mcbsp.obj (.text:_MCBSP_read)
                  000023e0    00000020                 : csl_mcbsp.obj (.text:_MCBSP_rrdy)
                  00002400    00000020                 : csl_mcbsp.obj (.text:_MCBSP_write)
                  00002420    00000020                 : csl_mcbsp.obj (.text:_MCBSP_xrdy)
                  00002440    00000020     rts6700.lib : exit.obj (.text:_abort)
                  00002460    00000020     csl6713.lib : csl_irq.obj (.text)
                  00002480    00000020     main.obj (.text)

.far       0    000024a0    000002ee     UNINITIALIZED
                  000024a0    0000010c     main.obj (.far)
                  000025ac    000000f4     csl6713.lib : csl_irq.obj (.far)
                  000026a0    00000058     c6713dskinit.obj (.far)
                  000026f8    00000038     csl6713.lib : csl_mcbsp.obj (.far)
                  00002730    00000028     dsk6713bsl.lib : dsk6713_aic23_registers.obj (.far)
                  00002758    00000020                    : dsk6713_aic23_setfreq.obj (.far)
                  00002778    0000000c     rts6700.lib : exit.obj (.far)
                  00002784    00000008     dsk6713bsl.lib : dsk6713_aic23_opencodec.obj (.far)
                  0000278c    00000002                    : dsk6713.obj (.far)

.cinit     0    00002790    0000028c     
                  00002790    0000012c     csl6713.lib : csl_irq.obj (.cinit)
                  000028bc    00000004     --HOLE-- [fill = 0]
                  000028c0    00000058     c6713dskinit.obj (.cinit)
                  00002918    00000054     csl6713.lib : csl_mcbsp.obj (.cinit)
                  0000296c    00000004     --HOLE-- [fill = 0]
                  00002970    00000030     dsk6713bsl.lib : dsk6713_aic23_registers.obj (.cinit)
                  000029a0    0000002c     rts6700.lib : exit.obj (.cinit)
                  000029cc    00000004     --HOLE-- [fill = 0]
                  000029d0    00000028     dsk6713bsl.lib : dsk6713_aic23_setfreq.obj (.cinit)
                  000029f8    0000001c     main.obj (.cinit)
                  00002a14    00000004     --HOLE-- [fill = 0]
                  00002a18    00000004     (.pad.cinit) [fill = 0]

.stack     0    00002a20    00000100     UNINITIALIZED
                  00002a20    00000008     rts6700.lib : boot.obj (.stack)
                  00002a28    000000f8     --HOLE--

.const     0    00002b20    00000060     
                  00002b20    00000040     dsk6713bsl.lib : dsk6713_aic23_opencodec.obj (.const)
                  00002b60    00000020                    : dsk6713.obj (.const)


GLOBAL SYMBOLS: SORTED ALPHABETICALLY BY Name 

address    name
--------   ----
00000220   $bss
00000220   .bss
00000220   .text
00002440   C$$EXIT
000026ac   _AIC23CfgData
000026a0   _AIC_data
00002784   _DSK6713_AIC23_codeccontrolhandle
00002788   _DSK6713_AIC23_codecdatahandle
00001940   _DSK6713_AIC23_config
00000e40   _DSK6713_AIC23_openCodec
0000191c   _DSK6713_AIC23_rget
00001880   _DSK6713_AIC23_rset
00001f60   _DSK6713_AIC23_setFreq
00000dd4   _DSK6713_getVersion
00000a0c   _DSK6713_init
00000d28   _DSK6713_rget
00000d3c   _DSK6713_rset
0000278c   _DSK6713_version
00000d50   _DSK6713_wait
00000da8   _DSK6713_waitusec
00002260   _IRQ_enable
00002340   _IRQ_globalDisable
00002360   _IRQ_globalEnable
000013a0   _IRQ_map
00002380   _IRQ_nmiEnable
000022a0   _IRQ_reset
00002020   _MCBSP_config
000023a0   _MCBSP_getXmtEventId
000019e0   _MCBSP_open
000023c0   _MCBSP_read
00001560   _MCBSP_reset
000023e0   _MCBSP_rrdy
00001ae0   _MCBSP_start
00002400   _MCBSP_write
00002420   _MCBSP_xrdy
000024a4   _Xn
000024a8   _XnBuffer
00002698   __IRQ_dispatchTable
000025d4   __IRQ_eventTable
00002460   __IRQ_hookFetchPacket
00002658   __IRQ_intTable
00002728   __MCBSP_hDev0
0000272c   __MCBSP_hDev1
00002b20   __STACK_END
00000100   __STACK_SIZE
00000001   __TI_args_main
00002160   ___TI_cpp_init
00002780   ___TI_enable_exit_profile_output
ffffffff   ___TI_pprof_out_hndl
ffffffff   ___TI_prof_data_size
ffffffff   ___TI_prof_data_start
ffffffff   ___binit__
00000220   ___bss__
ffffffff   ___c_args__
00002790   ___cinit__
00000220   ___end__
000024a0   ___etext__
ffffffff   ___pinit__
00000220   ___text__
000022e0   __args_main
00001be0   __auto_init
00002778   __cleanup_ptr
0000277c   __dtors_ptr
00002a20   __stack
00001ce0   __strasg
00002440   _abort
00000220   _c6713_dsk_init
000021e0   _c_int00
00001700   _c_int11
00000318   _comm_intr
000002e4   _comm_poll
000026cc   _config
00001ea0   _copy_in
00001dc0   _exit
000024a0   _fs
000026f4   _hAIC23_handle
000025a8   _i
00000820   _input_left_sample
000008e8   _input_right_sample
0000071c   _input_sample
00002480   _main
00001160   _memcpy
0000055c   _output_left_sample
0000063c   _output_right_sample
00000444   _output_sample
00000020   _vector1
00000140   _vector10
00000180   _vector12
000001a0   _vector13
000001c0   _vector14
000001e0   _vector15
00000040   _vector2
00000060   _vector3
00000080   _vector4
000000a0   _vector5
000000c0   _vector6
000000e0   _vector7
00000100   _vector8
00000120   _vector9
00000000   _vectors
ffffffff   binit
00002790   cinit
00000220   end
000024a0   etext
ffffffff   pinit


GLOBAL SYMBOLS: SORTED BY Symbol Address 

address    name
--------   ----
00000000   _vectors
00000001   __TI_args_main
00000020   _vector1
00000040   _vector2
00000060   _vector3
00000080   _vector4
000000a0   _vector5
000000c0   _vector6
000000e0   _vector7
00000100   __STACK_SIZE
00000100   _vector8
00000120   _vector9
00000140   _vector10
00000180   _vector12
000001a0   _vector13
000001c0   _vector14
000001e0   _vector15
00000220   $bss
00000220   .bss
00000220   .text
00000220   ___bss__
00000220   ___end__
00000220   ___text__
00000220   _c6713_dsk_init
00000220   end
000002e4   _comm_poll
00000318   _comm_intr
00000444   _output_sample
0000055c   _output_left_sample
0000063c   _output_right_sample
0000071c   _input_sample
00000820   _input_left_sample
000008e8   _input_right_sample
00000a0c   _DSK6713_init
00000d28   _DSK6713_rget
00000d3c   _DSK6713_rset
00000d50   _DSK6713_wait
00000da8   _DSK6713_waitusec
00000dd4   _DSK6713_getVersion
00000e40   _DSK6713_AIC23_openCodec
00001160   _memcpy
000013a0   _IRQ_map
00001560   _MCBSP_reset
00001700   _c_int11
00001880   _DSK6713_AIC23_rset
0000191c   _DSK6713_AIC23_rget
00001940   _DSK6713_AIC23_config
000019e0   _MCBSP_open
00001ae0   _MCBSP_start
00001be0   __auto_init
00001ce0   __strasg
00001dc0   _exit
00001ea0   _copy_in
00001f60   _DSK6713_AIC23_setFreq
00002020   _MCBSP_config
00002160   ___TI_cpp_init
000021e0   _c_int00
00002260   _IRQ_enable
000022a0   _IRQ_reset
000022e0   __args_main
00002340   _IRQ_globalDisable
00002360   _IRQ_globalEnable
00002380   _IRQ_nmiEnable
000023a0   _MCBSP_getXmtEventId
000023c0   _MCBSP_read
000023e0   _MCBSP_rrdy
00002400   _MCBSP_write
00002420   _MCBSP_xrdy
00002440   C$$EXIT
00002440   _abort
00002460   __IRQ_hookFetchPacket
00002480   _main
000024a0   ___etext__
000024a0   _fs
000024a0   etext
000024a4   _Xn
000024a8   _XnBuffer
000025a8   _i
000025d4   __IRQ_eventTable
00002658   __IRQ_intTable
00002698   __IRQ_dispatchTable
000026a0   _AIC_data
000026ac   _AIC23CfgData
000026cc   _config
000026f4   _hAIC23_handle
00002728   __MCBSP_hDev0
0000272c   __MCBSP_hDev1
00002778   __cleanup_ptr
0000277c   __dtors_ptr
00002780   ___TI_enable_exit_profile_output
00002784   _DSK6713_AIC23_codeccontrolhandle
00002788   _DSK6713_AIC23_codecdatahandle
0000278c   _DSK6713_version
00002790   ___cinit__
00002790   cinit
00002a20   __stack
00002b20   __STACK_END
ffffffff   ___TI_pprof_out_hndl
ffffffff   ___TI_prof_data_size
ffffffff   ___TI_prof_data_start
ffffffff   ___binit__
ffffffff   ___c_args__
ffffffff   ___pinit__
ffffffff   binit
ffffffff   pinit

[105 symbols]
