******************************************************************************
               TMS320C6x Linker PC v7.4.18                     
******************************************************************************
>> Linked Mon Oct 02 11:54:06 2023

OUTPUT FILE NAME:   <TP1_GenSignaux_Exercice.out>
ENTRY POINT SYMBOL: "_c_int00"  address: 000023c0


MEMORY CONFIGURATION

         name            origin    length      used     unused   attr    fill
----------------------  --------  ---------  --------  --------  ----  --------
  IVECS                 00000000   00000220  00000200  00000020  RWIX
  IRAM                  00000220   0002bde0  000035e8  000287f8  RWIX
  DATA_C                0002c000   00004000  00000000  00004000  RWIX
  SDRAM                 80000000   00100000  00000000  00100000  RWIX
  FLASH                 90000000   00020000  00000000  00020000  RWIX


SECTION ALLOCATION MAP

 output                                  attributes/
section   page    origin      length       input sections
--------  ----  ----------  ----------   ----------------
.vecs      0    00000000    00000200     
                  00000000    00000200     Vectors_intr.obj (.vecs)

.bss       0    00000220    00000000     UNINITIALIZED

.text      0    00000220    000024a0     
                  00000220    000007a0     c6713dskinit.obj (.text)
                  000009c0    00000480     dsk6713bsl.lib : dsk6713.obj (.text)
                  00000e40    00000320                    : dsk6713_aic23_opencodec.obj (.text)
                  00001160    00000260     main.obj (.text:retain)
                  000013c0    00000240     rts6700.lib : memcpy62.obj (.text:_memcpy)
                  00001600    000001c0     csl6713.lib : csl_irq.obj (.text:_IRQ_map)
                  000017c0    000001a0                 : csl_mcbsp.obj (.text:_MCBSP_reset)
                  00001960    00000160     dsk6713bsl.lib : dsk6713_aic23_registers.obj (.text)
                  00001ac0    00000100     csl6713.lib : csl_mcbsp.obj (.text:_MCBSP_open)
                  00001bc0    00000100                 : csl_mcbsp.obj (.text:_MCBSP_start)
                  00001cc0    00000100     rts6700.lib : autoinit.obj (.text:__auto_init)
                  00001dc0    00000100                 : remi.obj (.text:__remi)
                  00001ec0    000000e0                 : strasg.obj (.text:__strasg)
                  00001fa0    000000e0                 : exit.obj (.text:_exit)
                  00002080    000000c0                 : cpy_tbl.obj (.text:_copy_in)
                  00002140    000000c0     dsk6713bsl.lib : dsk6713_aic23_setfreq.obj (.text)
                  00002200    000000a0     csl6713.lib : csl_mcbsp.obj (.text:_MCBSP_config)
                  000022a0    000000a0                 : csl_irq.obj (.text:_setMux)
                  00002340    00000080     rts6700.lib : cpp_init.obj (.text:___TI_cpp_init)
                  000023c0    00000080                 : boot.obj (.text:_c_int00)
                  00002440    00000060     main.obj (.text)
                  000024a0    00000040     csl6713.lib : csl_irq.obj (.text:_IRQ_enable)
                  000024e0    00000040                 : csl_irq.obj (.text:_IRQ_reset)
                  00002520    00000040     rts6700.lib : args_main.obj (.text:__args_main)
                  00002560    00000020     Vectors_intr.obj (.text)
                  00002580    00000020     csl6713.lib : csl_irq.obj (.text:_IRQ_globalDisable)
                  000025a0    00000020                 : csl_irq.obj (.text:_IRQ_globalEnable)
                  000025c0    00000020                 : csl_irq.obj (.text:_IRQ_nmiEnable)
                  000025e0    00000020                 : csl_mcbsp.obj (.text:_MCBSP_getXmtEventId)
                  00002600    00000020                 : csl_mcbsp.obj (.text:_MCBSP_read)
                  00002620    00000020                 : csl_mcbsp.obj (.text:_MCBSP_rrdy)
                  00002640    00000020                 : csl_mcbsp.obj (.text:_MCBSP_write)
                  00002660    00000020                 : csl_mcbsp.obj (.text:_MCBSP_xrdy)
                  00002680    00000020     rts6700.lib : exit.obj (.text:_abort)
                  000026a0    00000020     csl6713.lib : csl_irq.obj (.text)

.far       0    000026c0    00000974     UNINITIALIZED
                  000026c0    00000792     main.obj (.far)
                  00002e52    00000002     dsk6713bsl.lib : dsk6713.obj (.far)
                  00002e54    000000f4     csl6713.lib : csl_irq.obj (.far)
                  00002f48    00000058     c6713dskinit.obj (.far)
                  00002fa0    00000038     csl6713.lib : csl_mcbsp.obj (.far)
                  00002fd8    00000028     dsk6713bsl.lib : dsk6713_aic23_registers.obj (.far)
                  00003000    00000020                    : dsk6713_aic23_setfreq.obj (.far)
                  00003020    0000000c     rts6700.lib : exit.obj (.far)
                  0000302c    00000008     dsk6713bsl.lib : dsk6713_aic23_opencodec.obj (.far)

.cinit     0    00003038    00000674     
                  00003038    00000402     main.obj (.cinit)
                  0000343a    00000006     --HOLE-- [fill = 0]
                  00003440    0000012c     csl6713.lib : csl_irq.obj (.cinit)
                  0000356c    00000004     --HOLE-- [fill = 0]
                  00003570    00000058     c6713dskinit.obj (.cinit)
                  000035c8    00000054     csl6713.lib : csl_mcbsp.obj (.cinit)
                  0000361c    00000004     --HOLE-- [fill = 0]
                  00003620    00000030     dsk6713bsl.lib : dsk6713_aic23_registers.obj (.cinit)
                  00003650    0000002c     rts6700.lib : exit.obj (.cinit)
                  0000367c    00000004     --HOLE-- [fill = 0]
                  00003680    00000028     dsk6713bsl.lib : dsk6713_aic23_setfreq.obj (.cinit)
                  000036a8    00000004     --HOLE-- [fill = 0]

.stack     0    000036b0    00000100     UNINITIALIZED
                  000036b0    00000008     rts6700.lib : boot.obj (.stack)
                  000036b8    000000f8     --HOLE--

.const     0    000037b0    00000060     
                  000037b0    00000040     dsk6713bsl.lib : dsk6713_aic23_opencodec.obj (.const)
                  000037f0    00000020                    : dsk6713.obj (.const)


GLOBAL SYMBOLS: SORTED ALPHABETICALLY BY Name 

address    name
--------   ----
00000220   $bss
00000220   .bss
00000220   .text
00002680   C$$EXIT
00002f54   _AIC23CfgData
00002f48   _AIC_data
0000302c   _DSK6713_AIC23_codeccontrolhandle
00003030   _DSK6713_AIC23_codecdatahandle
00001a20   _DSK6713_AIC23_config
00000e40   _DSK6713_AIC23_openCodec
000019fc   _DSK6713_AIC23_rget
00001960   _DSK6713_AIC23_rset
00002140   _DSK6713_AIC23_setFreq
00000dd4   _DSK6713_getVersion
00000a0c   _DSK6713_init
00000d28   _DSK6713_rget
00000d3c   _DSK6713_rset
00002e52   _DSK6713_version
00000d50   _DSK6713_wait
00000da8   _DSK6713_waitusec
00002e4c   _GAIN
000024a0   _IRQ_enable
00002580   _IRQ_globalDisable
000025a0   _IRQ_globalEnable
00001600   _IRQ_map
000025c0   _IRQ_nmiEnable
000024e0   _IRQ_reset
00002200   _MCBSP_config
000025e0   _MCBSP_getXmtEventId
00001ac0   _MCBSP_open
00002600   _MCBSP_read
000017c0   _MCBSP_reset
00002620   _MCBSP_rrdy
00001bc0   _MCBSP_start
00002640   _MCBSP_write
00002660   _MCBSP_xrdy
00002e4e   _STEP
000026c0   _SinTable
00002a84   _Xn
00002a88   _XnBuffer
00002f40   __IRQ_dispatchTable
00002e7c   __IRQ_eventTable
000026a0   __IRQ_hookFetchPacket
00002f00   __IRQ_intTable
00002fd0   __MCBSP_hDev0
00002fd4   __MCBSP_hDev1
000037b0   __STACK_END
00000100   __STACK_SIZE
00000001   __TI_args_main
00002340   ___TI_cpp_init
00003028   ___TI_enable_exit_profile_output
ffffffff   ___TI_pprof_out_hndl
ffffffff   ___TI_prof_data_size
ffffffff   ___TI_prof_data_start
ffffffff   ___binit__
00000220   ___bss__
ffffffff   ___c_args__
00003038   ___cinit__
00000220   ___end__
000026c0   ___etext__
ffffffff   ___pinit__
00000220   ___text__
00002520   __args_main
00001cc0   __auto_init
00001dc0   __c6xabi_remi
00003020   __cleanup_ptr
00003024   __dtors_ptr
00001dc0   __remi
000036b0   __stack
00001ec0   __strasg
00002680   _abort
00000220   _c6713_dsk_init
000023c0   _c_int00
00001160   _c_int11
00000318   _comm_intr
000002e4   _comm_poll
00002f74   _config
00002080   _copy_in
00002e50   _d
00001fa0   _exit
00002a80   _fs
00002f9c   _hAIC23_handle
00002e48   _i
00000820   _input_left_sample
000008e8   _input_right_sample
0000071c   _input_sample
00002e4a   _j
00002440   _main
000013c0   _memcpy
0000055c   _output_left_sample
0000063c   _output_right_sample
00000444   _output_sample
00000020   _vector1
00000140   _vector10
00000180   _vector12
000001a0   _vector13
000001c0   _vector14
000001e0   _vector15
00000040   _vector2
00000060   _vector3
00000080   _vector4
000000a0   _vector5
000000c0   _vector6
000000e0   _vector7
00000100   _vector8
00000120   _vector9
00000000   _vectors
ffffffff   binit
00003038   cinit
00000220   end
000026c0   etext
ffffffff   pinit


GLOBAL SYMBOLS: SORTED BY Symbol Address 

address    name
--------   ----
00000000   _vectors
00000001   __TI_args_main
00000020   _vector1
00000040   _vector2
00000060   _vector3
00000080   _vector4
000000a0   _vector5
000000c0   _vector6
000000e0   _vector7
00000100   __STACK_SIZE
00000100   _vector8
00000120   _vector9
00000140   _vector10
00000180   _vector12
000001a0   _vector13
000001c0   _vector14
000001e0   _vector15
00000220   $bss
00000220   .bss
00000220   .text
00000220   ___bss__
00000220   ___end__
00000220   ___text__
00000220   _c6713_dsk_init
00000220   end
000002e4   _comm_poll
00000318   _comm_intr
00000444   _output_sample
0000055c   _output_left_sample
0000063c   _output_right_sample
0000071c   _input_sample
00000820   _input_left_sample
000008e8   _input_right_sample
00000a0c   _DSK6713_init
00000d28   _DSK6713_rget
00000d3c   _DSK6713_rset
00000d50   _DSK6713_wait
00000da8   _DSK6713_waitusec
00000dd4   _DSK6713_getVersion
00000e40   _DSK6713_AIC23_openCodec
00001160   _c_int11
000013c0   _memcpy
00001600   _IRQ_map
000017c0   _MCBSP_reset
00001960   _DSK6713_AIC23_rset
000019fc   _DSK6713_AIC23_rget
00001a20   _DSK6713_AIC23_config
00001ac0   _MCBSP_open
00001bc0   _MCBSP_start
00001cc0   __auto_init
00001dc0   __c6xabi_remi
00001dc0   __remi
00001ec0   __strasg
00001fa0   _exit
00002080   _copy_in
00002140   _DSK6713_AIC23_setFreq
00002200   _MCBSP_config
00002340   ___TI_cpp_init
000023c0   _c_int00
00002440   _main
000024a0   _IRQ_enable
000024e0   _IRQ_reset
00002520   __args_main
00002580   _IRQ_globalDisable
000025a0   _IRQ_globalEnable
000025c0   _IRQ_nmiEnable
000025e0   _MCBSP_getXmtEventId
00002600   _MCBSP_read
00002620   _MCBSP_rrdy
00002640   _MCBSP_write
00002660   _MCBSP_xrdy
00002680   C$$EXIT
00002680   _abort
000026a0   __IRQ_hookFetchPacket
000026c0   _SinTable
000026c0   ___etext__
000026c0   etext
00002a80   _fs
00002a84   _Xn
00002a88   _XnBuffer
00002e48   _i
00002e4a   _j
00002e4c   _GAIN
00002e4e   _STEP
00002e50   _d
00002e52   _DSK6713_version
00002e7c   __IRQ_eventTable
00002f00   __IRQ_intTable
00002f40   __IRQ_dispatchTable
00002f48   _AIC_data
00002f54   _AIC23CfgData
00002f74   _config
00002f9c   _hAIC23_handle
00002fd0   __MCBSP_hDev0
00002fd4   __MCBSP_hDev1
00003020   __cleanup_ptr
00003024   __dtors_ptr
00003028   ___TI_enable_exit_profile_output
0000302c   _DSK6713_AIC23_codeccontrolhandle
00003030   _DSK6713_AIC23_codecdatahandle
00003038   ___cinit__
00003038   cinit
000036b0   __stack
000037b0   __STACK_END
ffffffff   ___TI_pprof_out_hndl
ffffffff   ___TI_prof_data_size
ffffffff   ___TI_prof_data_start
ffffffff   ___binit__
ffffffff   ___c_args__
ffffffff   ___pinit__
ffffffff   binit
ffffffff   pinit

[112 symbols]
