******************************************************************************
               TMS320C6x Linker PC v7.4.18                     
******************************************************************************
>> Linked Mon Sep 18 11:41:16 2023

OUTPUT FILE NAME:   <Exemple_ModePolling.out>
ENTRY POINT SYMBOL: "_c_int00"  address: 00002300


MEMORY CONFIGURATION

         name            origin    length      used     unused   attr    fill
----------------------  --------  ---------  --------  --------  ----  --------
  IVECS                 00000000   00000220  00000200  00000020  RWIX
  IRAM                  00000220   0002bde0  00002a10  000293d0  RWIX
  DATA_C                0002c000   00004000  00000000  00004000  RWIX
  SDRAM                 80000000   00100000  00000000  00100000  RWIX
  FLASH                 90000000   00020000  00000000  00020000  RWIX


SECTION ALLOCATION MAP

 output                                  attributes/
section   page    origin      length       input sections
--------  ----  ----------  ----------   ----------------
.vecs      0    00000000    00000200     
                  00000000    00000200     Vectors_poll.obj (.vecs)

.bss       0    00000220    00000000     UNINITIALIZED

.text      0    00000220    00002400     
                  00000220    000007a0     c6713dskinit.obj (.text)
                  000009c0    00000480     dsk6713bsl.lib : dsk6713.obj (.text)
                  00000e40    00000320                    : dsk6713_aic23_opencodec.obj (.text)
                  00001160    00000240     rts6700.lib : memcpy62.obj (.text:_memcpy)
                  000013a0    000001c0     csl6713.lib : csl_irq.obj (.text:_IRQ_map)
                  00001560    000001a0                 : csl_mcbsp.obj (.text:_MCBSP_reset)
                  00001700    000001a0     dsk6713bsl.lib : dsk6713_led.obj (.text)
                  000018a0    00000160                    : dsk6713_aic23_registers.obj (.text)
                  00001a00    00000100     csl6713.lib : csl_mcbsp.obj (.text:_MCBSP_open)
                  00001b00    00000100                 : csl_mcbsp.obj (.text:_MCBSP_start)
                  00001c00    00000100     rts6700.lib : autoinit.obj (.text:__auto_init)
                  00001d00    00000100     main.obj (.text)
                  00001e00    000000e0     rts6700.lib : strasg.obj (.text:__strasg)
                  00001ee0    000000e0                 : exit.obj (.text:_exit)
                  00001fc0    000000c0                 : cpy_tbl.obj (.text:_copy_in)
                  00002080    000000c0     dsk6713bsl.lib : dsk6713_aic23_setfreq.obj (.text)
                  00002140    000000a0     csl6713.lib : csl_mcbsp.obj (.text:_MCBSP_config)
                  000021e0    000000a0                 : csl_irq.obj (.text:_setMux)
                  00002280    00000080     rts6700.lib : cpp_init.obj (.text:___TI_cpp_init)
                  00002300    00000080                 : boot.obj (.text:_c_int00)
                  00002380    00000080     dsk6713bsl.lib : dsk6713_dip.obj (.text)
                  00002400    00000040     csl6713.lib : csl_irq.obj (.text:_IRQ_enable)
                  00002440    00000040                 : csl_irq.obj (.text:_IRQ_reset)
                  00002480    00000040     rts6700.lib : args_main.obj (.text:__args_main)
                  000024c0    00000020     Vectors_poll.obj (.text)
                  000024e0    00000020     csl6713.lib : csl_irq.obj (.text:_IRQ_globalDisable)
                  00002500    00000020                 : csl_irq.obj (.text:_IRQ_globalEnable)
                  00002520    00000020                 : csl_irq.obj (.text:_IRQ_nmiEnable)
                  00002540    00000020                 : csl_mcbsp.obj (.text:_MCBSP_getXmtEventId)
                  00002560    00000020                 : csl_mcbsp.obj (.text:_MCBSP_read)
                  00002580    00000020                 : csl_mcbsp.obj (.text:_MCBSP_rrdy)
                  000025a0    00000020                 : csl_mcbsp.obj (.text:_MCBSP_write)
                  000025c0    00000020                 : csl_mcbsp.obj (.text:_MCBSP_xrdy)
                  000025e0    00000020     rts6700.lib : exit.obj (.text:_abort)
                  00002600    00000020     csl6713.lib : csl_irq.obj (.text)

.cinit     0    00002620    000002b4     
                  00002620    0000012c     csl6713.lib : csl_irq.obj (.cinit)
                  0000274c    00000004     --HOLE-- [fill = 0]
                  00002750    00000058     c6713dskinit.obj (.cinit)
                  000027a8    00000054     csl6713.lib : csl_mcbsp.obj (.cinit)
                  000027fc    00000004     --HOLE-- [fill = 0]
                  00002800    00000048     main.obj (.cinit)
                  00002848    00000030     dsk6713bsl.lib : dsk6713_aic23_registers.obj (.cinit)
                  00002878    0000002c     rts6700.lib : exit.obj (.cinit)
                  000028a4    00000004     --HOLE-- [fill = 0]
                  000028a8    00000028     dsk6713bsl.lib : dsk6713_aic23_setfreq.obj (.cinit)
                  000028d0    00000004     --HOLE-- [fill = 0]

.far       0    000028d4    000001fc     UNINITIALIZED
                  000028d4    000000f4     csl6713.lib : csl_irq.obj (.far)
                  000029c8    00000058     c6713dskinit.obj (.far)
                  00002a20    00000038     csl6713.lib : csl_mcbsp.obj (.far)
                  00002a58    00000028     dsk6713bsl.lib : dsk6713_aic23_registers.obj (.far)
                  00002a80    00000020                    : dsk6713_aic23_setfreq.obj (.far)
                  00002aa0    00000018     main.obj (.far)
                  00002ab8    0000000c     rts6700.lib : exit.obj (.far)
                  00002ac4    00000008     dsk6713bsl.lib : dsk6713_aic23_opencodec.obj (.far)
                  00002acc    00000002                    : dsk6713.obj (.far)
                  00002ace    00000002                    : dsk6713_led.obj (.far)

.stack     0    00002ad0    00000100     UNINITIALIZED
                  00002ad0    00000008     rts6700.lib : boot.obj (.stack)
                  00002ad8    000000f8     --HOLE--

.const     0    00002bd0    00000060     
                  00002bd0    00000040     dsk6713bsl.lib : dsk6713_aic23_opencodec.obj (.const)
                  00002c10    00000020                    : dsk6713.obj (.const)


GLOBAL SYMBOLS: SORTED ALPHABETICALLY BY Name 

address    name
--------   ----
00000220   $bss
00000220   .bss
00000220   .text
000025e0   C$$EXIT
000029d4   _AIC23CfgData
000029c8   _AIC_data
00002ac4   _DSK6713_AIC23_codeccontrolhandle
00002ac8   _DSK6713_AIC23_codecdatahandle
00001960   _DSK6713_AIC23_config
00000e40   _DSK6713_AIC23_openCodec
0000193c   _DSK6713_AIC23_rget
000018a0   _DSK6713_AIC23_rset
00002080   _DSK6713_AIC23_setFreq
00002388   _DSK6713_DIP_get
00002380   _DSK6713_DIP_init
00001700   _DSK6713_LED_init
00001728   _DSK6713_LED_off
00001784   _DSK6713_LED_on
000017e0   _DSK6713_LED_toggle
00000dd4   _DSK6713_getVersion
00000a0c   _DSK6713_init
00000d28   _DSK6713_rget
00000d3c   _DSK6713_rset
00002acc   _DSK6713_version
00000d50   _DSK6713_wait
00000da8   _DSK6713_waitusec
00002400   _IRQ_enable
000024e0   _IRQ_globalDisable
00002500   _IRQ_globalEnable
000013a0   _IRQ_map
00002520   _IRQ_nmiEnable
00002440   _IRQ_reset
00002140   _MCBSP_config
00002540   _MCBSP_getXmtEventId
00001a00   _MCBSP_open
00002560   _MCBSP_read
00001560   _MCBSP_reset
00002580   _MCBSP_rrdy
00001b00   _MCBSP_start
000025a0   _MCBSP_write
000025c0   _MCBSP_xrdy
000029c0   __IRQ_dispatchTable
000028fc   __IRQ_eventTable
00002600   __IRQ_hookFetchPacket
00002980   __IRQ_intTable
00002a50   __MCBSP_hDev0
00002a54   __MCBSP_hDev1
00002bd0   __STACK_END
00000100   __STACK_SIZE
00000001   __TI_args_main
00002280   ___TI_cpp_init
00002ac0   ___TI_enable_exit_profile_output
ffffffff   ___TI_pprof_out_hndl
ffffffff   ___TI_prof_data_size
ffffffff   ___TI_prof_data_start
ffffffff   ___binit__
00000220   ___bss__
ffffffff   ___c_args__
00002620   ___cinit__
00000220   ___end__
00002620   ___etext__
ffffffff   ___pinit__
00000220   ___text__
00002480   __args_main
00001c00   __auto_init
00002ab8   __cleanup_ptr
00002abc   __dtors_ptr
00002ad0   __stack
00001e00   __strasg
000025e0   _abort
00000220   _c6713_dsk_init
00002300   _c_int00
00000318   _comm_intr
000002e4   _comm_poll
000029f4   _config
00001fc0   _copy_in
00001ee0   _exit
00002aa0   _fs
00002aa6   _gain
00002a1c   _hAIC23_handle
00000820   _input_left_sample
000008e8   _input_right_sample
0000071c   _input_sample
00002aa4   _loop
00001d00   _main
00001160   _memcpy
0000055c   _output_left_sample
0000063c   _output_right_sample
00000444   _output_sample
00002aa8   _sine_table
00000020   _vector1
00000140   _vector10
00000160   _vector11
00000180   _vector12
000001a0   _vector13
000001c0   _vector14
000001e0   _vector15
00000040   _vector2
00000060   _vector3
00000080   _vector4
000000a0   _vector5
000000c0   _vector6
000000e0   _vector7
00000100   _vector8
00000120   _vector9
00000000   _vectors
ffffffff   binit
00002620   cinit
00000220   end
00002620   etext
ffffffff   pinit


GLOBAL SYMBOLS: SORTED BY Symbol Address 

address    name
--------   ----
00000000   _vectors
00000001   __TI_args_main
00000020   _vector1
00000040   _vector2
00000060   _vector3
00000080   _vector4
000000a0   _vector5
000000c0   _vector6
000000e0   _vector7
00000100   __STACK_SIZE
00000100   _vector8
00000120   _vector9
00000140   _vector10
00000160   _vector11
00000180   _vector12
000001a0   _vector13
000001c0   _vector14
000001e0   _vector15
00000220   $bss
00000220   .bss
00000220   .text
00000220   ___bss__
00000220   ___end__
00000220   ___text__
00000220   _c6713_dsk_init
00000220   end
000002e4   _comm_poll
00000318   _comm_intr
00000444   _output_sample
0000055c   _output_left_sample
0000063c   _output_right_sample
0000071c   _input_sample
00000820   _input_left_sample
000008e8   _input_right_sample
00000a0c   _DSK6713_init
00000d28   _DSK6713_rget
00000d3c   _DSK6713_rset
00000d50   _DSK6713_wait
00000da8   _DSK6713_waitusec
00000dd4   _DSK6713_getVersion
00000e40   _DSK6713_AIC23_openCodec
00001160   _memcpy
000013a0   _IRQ_map
00001560   _MCBSP_reset
00001700   _DSK6713_LED_init
00001728   _DSK6713_LED_off
00001784   _DSK6713_LED_on
000017e0   _DSK6713_LED_toggle
000018a0   _DSK6713_AIC23_rset
0000193c   _DSK6713_AIC23_rget
00001960   _DSK6713_AIC23_config
00001a00   _MCBSP_open
00001b00   _MCBSP_start
00001c00   __auto_init
00001d00   _main
00001e00   __strasg
00001ee0   _exit
00001fc0   _copy_in
00002080   _DSK6713_AIC23_setFreq
00002140   _MCBSP_config
00002280   ___TI_cpp_init
00002300   _c_int00
00002380   _DSK6713_DIP_init
00002388   _DSK6713_DIP_get
00002400   _IRQ_enable
00002440   _IRQ_reset
00002480   __args_main
000024e0   _IRQ_globalDisable
00002500   _IRQ_globalEnable
00002520   _IRQ_nmiEnable
00002540   _MCBSP_getXmtEventId
00002560   _MCBSP_read
00002580   _MCBSP_rrdy
000025a0   _MCBSP_write
000025c0   _MCBSP_xrdy
000025e0   C$$EXIT
000025e0   _abort
00002600   __IRQ_hookFetchPacket
00002620   ___cinit__
00002620   ___etext__
00002620   cinit
00002620   etext
000028fc   __IRQ_eventTable
00002980   __IRQ_intTable
000029c0   __IRQ_dispatchTable
000029c8   _AIC_data
000029d4   _AIC23CfgData
000029f4   _config
00002a1c   _hAIC23_handle
00002a50   __MCBSP_hDev0
00002a54   __MCBSP_hDev1
00002aa0   _fs
00002aa4   _loop
00002aa6   _gain
00002aa8   _sine_table
00002ab8   __cleanup_ptr
00002abc   __dtors_ptr
00002ac0   ___TI_enable_exit_profile_output
00002ac4   _DSK6713_AIC23_codeccontrolhandle
00002ac8   _DSK6713_AIC23_codecdatahandle
00002acc   _DSK6713_version
00002ad0   __stack
00002bd0   __STACK_END
ffffffff   ___TI_pprof_out_hndl
ffffffff   ___TI_prof_data_size
ffffffff   ___TI_prof_data_start
ffffffff   ___binit__
ffffffff   ___c_args__
ffffffff   ___pinit__
ffffffff   binit
ffffffff   pinit

[111 symbols]
