******************************************************************************
               TMS320C6x Linker PC v7.4.18                     
******************************************************************************
>> Linked Sun Oct 22 19:31:14 2023

OUTPUT FILE NAME:   <TP2_FiltreFIR_Algo2_Assembleur_Optimisation.out>
ENTRY POINT SYMBOL: "_c_int00"  address: 00002340


MEMORY CONFIGURATION

         name            origin    length      used     unused   attr    fill
----------------------  --------  ---------  --------  --------  ----  --------
  IVECS                 00000000   00000220  00000200  00000020  RWIX
  IRAM                  00000220   0002bde0  00002e1e  00028fc2  RWIX
  DATA_C                0002c000   00004000  00000000  00004000  RWIX
  SDRAM                 80000000   00100000  00000000  00100000  RWIX
  FLASH                 90000000   00020000  00000000  00020000  RWIX


SECTION ALLOCATION MAP

 output                                  attributes/
section   page    origin      length       input sections
--------  ----  ----------  ----------   ----------------
.vecs      0    00000000    00000200     
                  00000000    00000200     Vectors_intr.obj (.vecs)

.bss       0    00000220    00000000     UNINITIALIZED

.text      0    00000220    00002420     
                  00000220    000007a0     c6713dskinit.obj (.text)
                  000009c0    00000480     dsk6713bsl.lib : dsk6713.obj (.text)
                  00000e40    00000320                    : dsk6713_aic23_opencodec.obj (.text)
                  00001160    00000240     rts6700.lib : memcpy62.obj (.text:_memcpy)
                  000013a0    000001e0     main.obj (.text:retain)
                  00001580    000001c0     csl6713.lib : csl_irq.obj (.text:_IRQ_map)
                  00001740    000001a0                 : csl_mcbsp.obj (.text:_MCBSP_reset)
                  000018e0    00000160     dsk6713bsl.lib : dsk6713_aic23_registers.obj (.text)
                  00001a40    00000100     csl6713.lib : csl_mcbsp.obj (.text:_MCBSP_open)
                  00001b40    00000100                 : csl_mcbsp.obj (.text:_MCBSP_start)
                  00001c40    00000100     rts6700.lib : autoinit.obj (.text:__auto_init)
                  00001d40    00000100     main.obj (.text)
                  00001e40    000000e0     rts6700.lib : strasg.obj (.text:__strasg)
                  00001f20    000000e0                 : exit.obj (.text:_exit)
                  00002000    000000c0                 : cpy_tbl.obj (.text:_copy_in)
                  000020c0    000000c0     dsk6713bsl.lib : dsk6713_aic23_setfreq.obj (.text)
                  00002180    000000a0     csl6713.lib : csl_mcbsp.obj (.text:_MCBSP_config)
                  00002220    000000a0                 : csl_irq.obj (.text:_setMux)
                  000022c0    00000080     rts6700.lib : cpp_init.obj (.text:___TI_cpp_init)
                  00002340    00000080                 : boot.obj (.text:_c_int00)
                  000023c0    00000060     FIR_Assembleur.obj (.text)
                  00002420    00000040     csl6713.lib : csl_irq.obj (.text:_IRQ_enable)
                  00002460    00000040                 : csl_irq.obj (.text:_IRQ_reset)
                  000024a0    00000040     rts6700.lib : args_main.obj (.text:__args_main)
                  000024e0    00000020     Vectors_intr.obj (.text)
                  00002500    00000020     csl6713.lib : csl_irq.obj (.text:_IRQ_globalDisable)
                  00002520    00000020                 : csl_irq.obj (.text:_IRQ_globalEnable)
                  00002540    00000020                 : csl_irq.obj (.text:_IRQ_nmiEnable)
                  00002560    00000020                 : csl_mcbsp.obj (.text:_MCBSP_getXmtEventId)
                  00002580    00000020                 : csl_mcbsp.obj (.text:_MCBSP_read)
                  000025a0    00000020                 : csl_mcbsp.obj (.text:_MCBSP_rrdy)
                  000025c0    00000020                 : csl_mcbsp.obj (.text:_MCBSP_write)
                  000025e0    00000020                 : csl_mcbsp.obj (.text:_MCBSP_xrdy)
                  00002600    00000020     rts6700.lib : exit.obj (.text:_abort)
                  00002620    00000020     csl6713.lib : csl_irq.obj (.text)

.far       0    00002640    000004fa     UNINITIALIZED
                  00002640    00000318     main.obj (.far)
                  00002958    000000f4     csl6713.lib : csl_irq.obj (.far)
                  00002a4c    00000058     c6713dskinit.obj (.far)
                  00002aa4    00000038     csl6713.lib : csl_mcbsp.obj (.far)
                  00002adc    00000028     dsk6713bsl.lib : dsk6713_aic23_registers.obj (.far)
                  00002b04    00000020                    : dsk6713_aic23_setfreq.obj (.far)
                  00002b24    0000000c     rts6700.lib : exit.obj (.far)
                  00002b30    00000008     dsk6713bsl.lib : dsk6713_aic23_opencodec.obj (.far)
                  00002b38    00000002                    : dsk6713.obj (.far)

.cinit     0    00002b40    000003a4     
                  00002b40    00000132     main.obj (.cinit)
                  00002c72    00000006     --HOLE-- [fill = 0]
                  00002c78    0000012c     csl6713.lib : csl_irq.obj (.cinit)
                  00002da4    00000004     --HOLE-- [fill = 0]
                  00002da8    00000058     c6713dskinit.obj (.cinit)
                  00002e00    00000054     csl6713.lib : csl_mcbsp.obj (.cinit)
                  00002e54    00000004     --HOLE-- [fill = 0]
                  00002e58    00000030     dsk6713bsl.lib : dsk6713_aic23_registers.obj (.cinit)
                  00002e88    0000002c     rts6700.lib : exit.obj (.cinit)
                  00002eb4    00000004     --HOLE-- [fill = 0]
                  00002eb8    00000028     dsk6713bsl.lib : dsk6713_aic23_setfreq.obj (.cinit)
                  00002ee0    00000004     --HOLE-- [fill = 0]

.stack     0    00002ee8    00000100     UNINITIALIZED
                  00002ee8    00000008     rts6700.lib : boot.obj (.stack)
                  00002ef0    000000f8     --HOLE--

.const     0    00002fe8    00000060     
                  00002fe8    00000040     dsk6713bsl.lib : dsk6713_aic23_opencodec.obj (.const)
                  00003028    00000020                    : dsk6713.obj (.const)


GLOBAL SYMBOLS: SORTED ALPHABETICALLY BY Name 

address    name
--------   ----
00000220   $bss
00000220   .bss
00000220   .text
00002600   C$$EXIT
00002a58   _AIC23CfgData
00002a4c   _AIC_data
00002b30   _DSK6713_AIC23_codeccontrolhandle
00002b34   _DSK6713_AIC23_codecdatahandle
000019a0   _DSK6713_AIC23_config
00000e40   _DSK6713_AIC23_openCodec
0000197c   _DSK6713_AIC23_rget
000018e0   _DSK6713_AIC23_rset
000020c0   _DSK6713_AIC23_setFreq
00000dd4   _DSK6713_getVersion
00000a0c   _DSK6713_init
00000d28   _DSK6713_rget
00000d3c   _DSK6713_rset
00002b38   _DSK6713_version
00000d50   _DSK6713_wait
00000da8   _DSK6713_waitusec
000023c0   _FIR_asm
00002420   _IRQ_enable
00002500   _IRQ_globalDisable
00002520   _IRQ_globalEnable
00001580   _IRQ_map
00002540   _IRQ_nmiEnable
00002460   _IRQ_reset
00002180   _MCBSP_config
00002560   _MCBSP_getXmtEventId
00001a40   _MCBSP_open
00002580   _MCBSP_read
00001740   _MCBSP_reset
000025a0   _MCBSP_rrdy
00001b40   _MCBSP_start
000025c0   _MCBSP_write
000025e0   _MCBSP_xrdy
00002744   _Xn
0000274c   _XnBuffer
00002954   _Yn
00002850   _YnBuffer
00002a44   __IRQ_dispatchTable
00002980   __IRQ_eventTable
00002620   __IRQ_hookFetchPacket
00002a04   __IRQ_intTable
00002ad4   __MCBSP_hDev0
00002ad8   __MCBSP_hDev1
00002fe8   __STACK_END
00000100   __STACK_SIZE
00000001   __TI_args_main
000022c0   ___TI_cpp_init
00002b2c   ___TI_enable_exit_profile_output
ffffffff   ___TI_pprof_out_hndl
ffffffff   ___TI_prof_data_size
ffffffff   ___TI_prof_data_start
ffffffff   ___binit__
00000220   ___bss__
ffffffff   ___c_args__
00002b40   ___cinit__
00000220   ___end__
00002640   ___etext__
ffffffff   ___pinit__
00000220   ___text__
000024a0   __args_main
00001c40   __auto_init
00002b24   __cleanup_ptr
00002b28   __dtors_ptr
00002ee8   __stack
00001e40   __strasg
00002600   _abort
00000220   _c6713_dsk_init
00002340   _c_int00
000013a0   _c_int11
00000318   _comm_intr
000002e4   _comm_poll
00002a78   _config
00002000   _copy_in
00002748   _count
00001f20   _exit
0000274a   _format_Qk
00002740   _fs
00002640   _h
00002aa0   _hAIC23_handle
00002746   _i
00000820   _input_left_sample
000008e8   _input_right_sample
0000071c   _input_sample
00002950   _j
00001d40   _main
00001160   _memcpy
0000055c   _output_left_sample
0000063c   _output_right_sample
00000444   _output_sample
00000020   _vector1
00000140   _vector10
00000180   _vector12
000001a0   _vector13
000001c0   _vector14
000001e0   _vector15
00000040   _vector2
00000060   _vector3
00000080   _vector4
000000a0   _vector5
000000c0   _vector6
000000e0   _vector7
00000100   _vector8
00000120   _vector9
00000000   _vectors
ffffffff   binit
00002b40   cinit
00000220   end
00002640   etext
ffffffff   pinit


GLOBAL SYMBOLS: SORTED BY Symbol Address 

address    name
--------   ----
00000000   _vectors
00000001   __TI_args_main
00000020   _vector1
00000040   _vector2
00000060   _vector3
00000080   _vector4
000000a0   _vector5
000000c0   _vector6
000000e0   _vector7
00000100   __STACK_SIZE
00000100   _vector8
00000120   _vector9
00000140   _vector10
00000180   _vector12
000001a0   _vector13
000001c0   _vector14
000001e0   _vector15
00000220   $bss
00000220   .bss
00000220   .text
00000220   ___bss__
00000220   ___end__
00000220   ___text__
00000220   _c6713_dsk_init
00000220   end
000002e4   _comm_poll
00000318   _comm_intr
00000444   _output_sample
0000055c   _output_left_sample
0000063c   _output_right_sample
0000071c   _input_sample
00000820   _input_left_sample
000008e8   _input_right_sample
00000a0c   _DSK6713_init
00000d28   _DSK6713_rget
00000d3c   _DSK6713_rset
00000d50   _DSK6713_wait
00000da8   _DSK6713_waitusec
00000dd4   _DSK6713_getVersion
00000e40   _DSK6713_AIC23_openCodec
00001160   _memcpy
000013a0   _c_int11
00001580   _IRQ_map
00001740   _MCBSP_reset
000018e0   _DSK6713_AIC23_rset
0000197c   _DSK6713_AIC23_rget
000019a0   _DSK6713_AIC23_config
00001a40   _MCBSP_open
00001b40   _MCBSP_start
00001c40   __auto_init
00001d40   _main
00001e40   __strasg
00001f20   _exit
00002000   _copy_in
000020c0   _DSK6713_AIC23_setFreq
00002180   _MCBSP_config
000022c0   ___TI_cpp_init
00002340   _c_int00
000023c0   _FIR_asm
00002420   _IRQ_enable
00002460   _IRQ_reset
000024a0   __args_main
00002500   _IRQ_globalDisable
00002520   _IRQ_globalEnable
00002540   _IRQ_nmiEnable
00002560   _MCBSP_getXmtEventId
00002580   _MCBSP_read
000025a0   _MCBSP_rrdy
000025c0   _MCBSP_write
000025e0   _MCBSP_xrdy
00002600   C$$EXIT
00002600   _abort
00002620   __IRQ_hookFetchPacket
00002640   ___etext__
00002640   _h
00002640   etext
00002740   _fs
00002744   _Xn
00002746   _i
00002748   _count
0000274a   _format_Qk
0000274c   _XnBuffer
00002850   _YnBuffer
00002950   _j
00002954   _Yn
00002980   __IRQ_eventTable
00002a04   __IRQ_intTable
00002a44   __IRQ_dispatchTable
00002a4c   _AIC_data
00002a58   _AIC23CfgData
00002a78   _config
00002aa0   _hAIC23_handle
00002ad4   __MCBSP_hDev0
00002ad8   __MCBSP_hDev1
00002b24   __cleanup_ptr
00002b28   __dtors_ptr
00002b2c   ___TI_enable_exit_profile_output
00002b30   _DSK6713_AIC23_codeccontrolhandle
00002b34   _DSK6713_AIC23_codecdatahandle
00002b38   _DSK6713_version
00002b40   ___cinit__
00002b40   cinit
00002ee8   __stack
00002fe8   __STACK_END
ffffffff   ___TI_pprof_out_hndl
ffffffff   ___TI_prof_data_size
ffffffff   ___TI_prof_data_start
ffffffff   ___binit__
ffffffff   ___c_args__
ffffffff   ___pinit__
ffffffff   binit
ffffffff   pinit

[112 symbols]
