******************************************************************************
               TMS320C6x Linker PC v7.4.18                     
******************************************************************************
>> Linked Sun Oct 22 18:45:17 2023

OUTPUT FILE NAME:   <Automatic_Adjust_Gain.out>
ENTRY POINT SYMBOL: "_c_int00"  address: 00002260


MEMORY CONFIGURATION

         name            origin    length      used     unused   attr    fill
----------------------  --------  ---------  --------  --------  ----  --------
  IVECS                 00000000   00000220  00000200  00000020  RWIX
  IRAM                  00000220   0002bde0  00002b3e  000292a2  RWIX
  DATA_C                0002c000   00004000  00000000  00004000  RWIX
  SDRAM                 80000000   00100000  00000000  00100000  RWIX
  FLASH                 90000000   00020000  00000000  00020000  RWIX


SECTION ALLOCATION MAP

 output                                  attributes/
section   page    origin      length       input sections
--------  ----  ----------  ----------   ----------------
.vecs      0    00000000    00000200     
                  00000000    00000200     Vectors_intr.obj (.vecs)

.bss       0    00000220    00000000     UNINITIALIZED

.text      0    00000220    00002360     
                  00000220    000007a0     c6713dskinit.obj (.text)
                  000009c0    00000480     dsk6713bsl.lib : dsk6713.obj (.text)
                  00000e40    00000320                    : dsk6713_aic23_opencodec.obj (.text)
                  00001160    00000240     rts6700.lib : memcpy62.obj (.text:_memcpy)
                  000013a0    00000200     main.obj (.text:retain)
                  000015a0    000001c0     csl6713.lib : csl_irq.obj (.text:_IRQ_map)
                  00001760    000001a0                 : csl_mcbsp.obj (.text:_MCBSP_reset)
                  00001900    00000160     dsk6713bsl.lib : dsk6713_aic23_registers.obj (.text)
                  00001a60    00000100     csl6713.lib : csl_mcbsp.obj (.text:_MCBSP_open)
                  00001b60    00000100                 : csl_mcbsp.obj (.text:_MCBSP_start)
                  00001c60    00000100     rts6700.lib : autoinit.obj (.text:__auto_init)
                  00001d60    000000e0                 : strasg.obj (.text:__strasg)
                  00001e40    000000e0                 : exit.obj (.text:_exit)
                  00001f20    000000c0                 : cpy_tbl.obj (.text:_copy_in)
                  00001fe0    000000c0     dsk6713bsl.lib : dsk6713_aic23_setfreq.obj (.text)
                  000020a0    000000a0     csl6713.lib : csl_mcbsp.obj (.text:_MCBSP_config)
                  00002140    000000a0                 : csl_irq.obj (.text:_setMux)
                  000021e0    00000080     rts6700.lib : cpp_init.obj (.text:___TI_cpp_init)
                  00002260    00000080                 : boot.obj (.text:_c_int00)
                  000022e0    00000040     AutomaticAdjustGain.obj (.text)
                  00002320    00000040     csl6713.lib : csl_irq.obj (.text:_IRQ_enable)
                  00002360    00000040                 : csl_irq.obj (.text:_IRQ_reset)
                  000023a0    00000040     rts6700.lib : args_main.obj (.text:__args_main)
                  000023e0    00000040     main.obj (.text)
                  00002420    00000020     Vectors_intr.obj (.text)
                  00002440    00000020     csl6713.lib : csl_irq.obj (.text:_IRQ_globalDisable)
                  00002460    00000020                 : csl_irq.obj (.text:_IRQ_globalEnable)
                  00002480    00000020                 : csl_irq.obj (.text:_IRQ_nmiEnable)
                  000024a0    00000020                 : csl_mcbsp.obj (.text:_MCBSP_getXmtEventId)
                  000024c0    00000020                 : csl_mcbsp.obj (.text:_MCBSP_read)
                  000024e0    00000020                 : csl_mcbsp.obj (.text:_MCBSP_rrdy)
                  00002500    00000020                 : csl_mcbsp.obj (.text:_MCBSP_write)
                  00002520    00000020                 : csl_mcbsp.obj (.text:_MCBSP_xrdy)
                  00002540    00000020     rts6700.lib : exit.obj (.text:_abort)
                  00002560    00000020     csl6713.lib : csl_irq.obj (.text)

.far       0    00002580    000003f2     UNINITIALIZED
                  00002580    00000210     main.obj (.far)
                  00002790    000000f4     csl6713.lib : csl_irq.obj (.far)
                  00002884    00000058     c6713dskinit.obj (.far)
                  000028dc    00000038     csl6713.lib : csl_mcbsp.obj (.far)
                  00002914    00000028     dsk6713bsl.lib : dsk6713_aic23_registers.obj (.far)
                  0000293c    00000020                    : dsk6713_aic23_setfreq.obj (.far)
                  0000295c    0000000c     rts6700.lib : exit.obj (.far)
                  00002968    00000008     dsk6713bsl.lib : dsk6713_aic23_opencodec.obj (.far)
                  00002970    00000002                    : dsk6713.obj (.far)

.cinit     0    00002978    0000028c     
                  00002978    0000012c     csl6713.lib : csl_irq.obj (.cinit)
                  00002aa4    00000004     --HOLE-- [fill = 0]
                  00002aa8    00000058     c6713dskinit.obj (.cinit)
                  00002b00    00000054     csl6713.lib : csl_mcbsp.obj (.cinit)
                  00002b54    00000004     --HOLE-- [fill = 0]
                  00002b58    00000030     dsk6713bsl.lib : dsk6713_aic23_registers.obj (.cinit)
                  00002b88    0000002c     rts6700.lib : exit.obj (.cinit)
                  00002bb4    00000004     --HOLE-- [fill = 0]
                  00002bb8    00000028     dsk6713bsl.lib : dsk6713_aic23_setfreq.obj (.cinit)
                  00002be0    0000001c     main.obj (.cinit)
                  00002bfc    00000004     --HOLE-- [fill = 0]
                  00002c00    00000004     (.pad.cinit) [fill = 0]

.stack     0    00002c08    00000100     UNINITIALIZED
                  00002c08    00000008     rts6700.lib : boot.obj (.stack)
                  00002c10    000000f8     --HOLE--

.const     0    00002d08    00000060     
                  00002d08    00000040     dsk6713bsl.lib : dsk6713_aic23_opencodec.obj (.const)
                  00002d48    00000020                    : dsk6713.obj (.const)


GLOBAL SYMBOLS: SORTED ALPHABETICALLY BY Name 

address    name
--------   ----
00000220   $bss
00000220   .bss
00000220   .text
00002540   C$$EXIT
0000278c   _AAG
00002890   _AIC23CfgData
00002884   _AIC_data
00002968   _DSK6713_AIC23_codeccontrolhandle
0000296c   _DSK6713_AIC23_codecdatahandle
000019c0   _DSK6713_AIC23_config
00000e40   _DSK6713_AIC23_openCodec
0000199c   _DSK6713_AIC23_rget
00001900   _DSK6713_AIC23_rset
00001fe0   _DSK6713_AIC23_setFreq
00000dd4   _DSK6713_getVersion
00000a0c   _DSK6713_init
00000d28   _DSK6713_rget
00000d3c   _DSK6713_rset
00002970   _DSK6713_version
00000d50   _DSK6713_wait
00000da8   _DSK6713_waitusec
000022e0   _FindGain
00002320   _IRQ_enable
00002440   _IRQ_globalDisable
00002460   _IRQ_globalEnable
000015a0   _IRQ_map
00002480   _IRQ_nmiEnable
00002360   _IRQ_reset
000020a0   _MCBSP_config
000024a0   _MCBSP_getXmtEventId
00001a60   _MCBSP_open
000024c0   _MCBSP_read
00001760   _MCBSP_reset
000024e0   _MCBSP_rrdy
00001b60   _MCBSP_start
00002500   _MCBSP_write
00002520   _MCBSP_xrdy
00002584   _Xn
00002588   _XnBuffer
00002586   _Yn
00002688   _YnBuffer
0000287c   __IRQ_dispatchTable
000027b8   __IRQ_eventTable
00002560   __IRQ_hookFetchPacket
0000283c   __IRQ_intTable
0000290c   __MCBSP_hDev0
00002910   __MCBSP_hDev1
00002d08   __STACK_END
00000100   __STACK_SIZE
00000001   __TI_args_main
000021e0   ___TI_cpp_init
00002964   ___TI_enable_exit_profile_output
ffffffff   ___TI_pprof_out_hndl
ffffffff   ___TI_prof_data_size
ffffffff   ___TI_prof_data_start
ffffffff   ___binit__
00000220   ___bss__
ffffffff   ___c_args__
00002978   ___cinit__
00000220   ___end__
00002580   ___etext__
ffffffff   ___pinit__
00000220   ___text__
000023a0   __args_main
00001c60   __auto_init
0000295c   __cleanup_ptr
00002960   __dtors_ptr
00002c08   __stack
00001d60   __strasg
00002540   _abort
00000220   _c6713_dsk_init
00002260   _c_int00
000013a0   _c_int11
00000318   _comm_intr
000002e4   _comm_poll
000028b0   _config
00001f20   _copy_in
00001e40   _exit
00002580   _fs
000028d8   _hAIC23_handle
00002788   _i
00000820   _input_left_sample
000008e8   _input_right_sample
0000071c   _input_sample
000023e0   _main
00001160   _memcpy
0000055c   _output_left_sample
0000063c   _output_right_sample
00000444   _output_sample
00000020   _vector1
00000140   _vector10
00000180   _vector12
000001a0   _vector13
000001c0   _vector14
000001e0   _vector15
00000040   _vector2
00000060   _vector3
00000080   _vector4
000000a0   _vector5
000000c0   _vector6
000000e0   _vector7
00000100   _vector8
00000120   _vector9
00000000   _vectors
ffffffff   binit
00002978   cinit
00000220   end
00002580   etext
ffffffff   pinit


GLOBAL SYMBOLS: SORTED BY Symbol Address 

address    name
--------   ----
00000000   _vectors
00000001   __TI_args_main
00000020   _vector1
00000040   _vector2
00000060   _vector3
00000080   _vector4
000000a0   _vector5
000000c0   _vector6
000000e0   _vector7
00000100   __STACK_SIZE
00000100   _vector8
00000120   _vector9
00000140   _vector10
00000180   _vector12
000001a0   _vector13
000001c0   _vector14
000001e0   _vector15
00000220   $bss
00000220   .bss
00000220   .text
00000220   ___bss__
00000220   ___end__
00000220   ___text__
00000220   _c6713_dsk_init
00000220   end
000002e4   _comm_poll
00000318   _comm_intr
00000444   _output_sample
0000055c   _output_left_sample
0000063c   _output_right_sample
0000071c   _input_sample
00000820   _input_left_sample
000008e8   _input_right_sample
00000a0c   _DSK6713_init
00000d28   _DSK6713_rget
00000d3c   _DSK6713_rset
00000d50   _DSK6713_wait
00000da8   _DSK6713_waitusec
00000dd4   _DSK6713_getVersion
00000e40   _DSK6713_AIC23_openCodec
00001160   _memcpy
000013a0   _c_int11
000015a0   _IRQ_map
00001760   _MCBSP_reset
00001900   _DSK6713_AIC23_rset
0000199c   _DSK6713_AIC23_rget
000019c0   _DSK6713_AIC23_config
00001a60   _MCBSP_open
00001b60   _MCBSP_start
00001c60   __auto_init
00001d60   __strasg
00001e40   _exit
00001f20   _copy_in
00001fe0   _DSK6713_AIC23_setFreq
000020a0   _MCBSP_config
000021e0   ___TI_cpp_init
00002260   _c_int00
000022e0   _FindGain
00002320   _IRQ_enable
00002360   _IRQ_reset
000023a0   __args_main
000023e0   _main
00002440   _IRQ_globalDisable
00002460   _IRQ_globalEnable
00002480   _IRQ_nmiEnable
000024a0   _MCBSP_getXmtEventId
000024c0   _MCBSP_read
000024e0   _MCBSP_rrdy
00002500   _MCBSP_write
00002520   _MCBSP_xrdy
00002540   C$$EXIT
00002540   _abort
00002560   __IRQ_hookFetchPacket
00002580   ___etext__
00002580   _fs
00002580   etext
00002584   _Xn
00002586   _Yn
00002588   _XnBuffer
00002688   _YnBuffer
00002788   _i
0000278c   _AAG
000027b8   __IRQ_eventTable
0000283c   __IRQ_intTable
0000287c   __IRQ_dispatchTable
00002884   _AIC_data
00002890   _AIC23CfgData
000028b0   _config
000028d8   _hAIC23_handle
0000290c   __MCBSP_hDev0
00002910   __MCBSP_hDev1
0000295c   __cleanup_ptr
00002960   __dtors_ptr
00002964   ___TI_enable_exit_profile_output
00002968   _DSK6713_AIC23_codeccontrolhandle
0000296c   _DSK6713_AIC23_codecdatahandle
00002970   _DSK6713_version
00002978   ___cinit__
00002978   cinit
00002c08   __stack
00002d08   __STACK_END
ffffffff   ___TI_pprof_out_hndl
ffffffff   ___TI_prof_data_size
ffffffff   ___TI_prof_data_start
ffffffff   ___binit__
ffffffff   ___c_args__
ffffffff   ___pinit__
ffffffff   binit
ffffffff   pinit

[109 symbols]
